 zsbcs

 Timestamp is 4da70da7 (Thu Apr 14 16:07:19 2011)

 Preferred load address is 00400000

 Start         Length     Name                   Class
 0001:00000000 000000d4H .idata$5                CODE
 0001:000000d8 00000bc6H .rdata                  CODE
 0001:00000c9e 00001578H .text                   CODE
 0001:00002218 00000050H .idata$2                CODE
 0001:00002268 00000014H .idata$3                CODE
 0001:0000227c 000000d4H .idata$4                CODE
 0001:00002350 0000029eH .idata$6                CODE
 0001:000025ee 00000000H .edata                  CODE
 0002:00000000 00000008H .data                   DATA
 0002:00000008 00001010H .bss                    DATA

  Address         Publics by Value              Rva+Base       Lib:Object

 0001:00000000       __imp__GetConsoleMode@8    00401000     kernel32:KERNEL32.dll
 0001:00000004       __imp__WriteConsoleW@20    00401004     kernel32:KERNEL32.dll
 0001:00000008       __imp__MultiByteToWideChar@24 00401008     kernel32:KERNEL32.dll
 0001:0000000c       __imp__GetStdHandle@4      0040100c     kernel32:KERNEL32.dll
 0001:00000010       __imp__SetLastError@4      00401010     kernel32:KERNEL32.dll
 0001:00000014       __imp__GetFileType@4       00401014     kernel32:KERNEL32.dll
 0001:00000018       __imp__WaitForMultipleObjects@16 00401018     kernel32:KERNEL32.dll
 0001:0000001c       __imp__CloseHandle@4       0040101c     kernel32:KERNEL32.dll
 0001:00000020       __imp__LocalFree@4         00401020     kernel32:KERNEL32.dll
 0001:00000024       __imp__WriteFile@20        00401024     kernel32:KERNEL32.dll
 0001:00000028       __imp__ExitProcess@4       00401028     kernel32:KERNEL32.dll
 0001:0000002c       __imp__GetCommandLineW@0   0040102c     kernel32:KERNEL32.dll
 0001:00000030       __imp__GetModuleFileNameW@12 00401030     kernel32:KERNEL32.dll
 0001:00000034       __imp__SetEvent@4          00401034     kernel32:KERNEL32.dll
 0001:00000038       __imp__InitializeCriticalSection@4 00401038     kernel32:KERNEL32.dll
 0001:0000003c       __imp__LeaveCriticalSection@4 0040103c     kernel32:KERNEL32.dll
 0001:00000040       __imp__GetLastError@0      00401040     kernel32:KERNEL32.dll
 0001:00000044       __imp__EnterCriticalSection@4 00401044     kernel32:KERNEL32.dll
 0001:00000048       __imp__SetConsoleCtrlHandler@8 00401048     kernel32:KERNEL32.dll
 0001:0000004c       __imp__CreateEventW@16     0040104c     kernel32:KERNEL32.dll
 0001:00000050       __imp__DeleteCriticalSection@4 00401050     kernel32:KERNEL32.dll
 0001:00000054       __imp__GetProcessHeap@0    00401054     kernel32:KERNEL32.dll
 0001:00000058       __imp__GetTickCount@0      00401058     kernel32:KERNEL32.dll
 0001:0000005c       __imp__WaitForSingleObject@8 0040105c     kernel32:KERNEL32.dll
 0001:00000060       __imp__HeapReAlloc@16      00401060     kernel32:KERNEL32.dll
 0001:00000064       __imp__HeapFree@12         00401064     kernel32:KERNEL32.dll
 0001:00000068       __imp__HeapAlloc@12        00401068     kernel32:KERNEL32.dll
 0001:0000006c       __imp__CreateThread@24     0040106c     kernel32:KERNEL32.dll
 0001:00000070       \177KERNEL32_NULL_THUNK_DATA 00401070     kernel32:KERNEL32.dll
 0001:00000074       __imp__CommandLineToArgvW@8 00401074     shell32:SHELL32.dll
 0001:00000078       \177SHELL32_NULL_THUNK_DATA 00401078     shell32:SHELL32.dll
 0001:0000007c       __imp__PathFindFileNameW@4 0040107c     shlwapi:SHLWAPI.dll
 0001:00000080       __imp__PathUnquoteSpacesW@4 00401080     shlwapi:SHLWAPI.dll
 0001:00000084       __imp__StrChrW@8           00401084     shlwapi:SHLWAPI.dll
 0001:00000088       __imp__wvnsprintfW@16      00401088     shlwapi:SHLWAPI.dll
 0001:0000008c       \177SHLWAPI_NULL_THUNK_DATA 0040108c     shlwapi:SHLWAPI.dll
 0001:00000090       __imp__listen@8            00401090     ws2_32:WS2_32.dll
 0001:00000094       __imp__send@16             00401094     ws2_32:WS2_32.dll
 0001:00000098       __imp__closesocket@4       00401098     ws2_32:WS2_32.dll
 0001:0000009c       __imp__WSASetLastError@4   0040109c     ws2_32:WS2_32.dll
 0001:000000a0       __imp__socket@12           004010a0     ws2_32:WS2_32.dll
 0001:000000a4       __imp__recv@16             004010a4     ws2_32:WS2_32.dll
 0001:000000a8       __imp__WSACleanup@0        004010a8     ws2_32:WS2_32.dll
 0001:000000ac       __imp__setsockopt@20       004010ac     ws2_32:WS2_32.dll
 0001:000000b0       __imp__shutdown@8          004010b0     ws2_32:WS2_32.dll
 0001:000000b4       __imp__WSAGetLastError@0   004010b4     ws2_32:WS2_32.dll
 0001:000000b8       __imp__select@20           004010b8     ws2_32:WS2_32.dll
 0001:000000bc       __imp__WSAStartup@8        004010bc     ws2_32:WS2_32.dll
 0001:000000c0       __imp__WSAAddressToStringW@20 004010c0     ws2_32:WS2_32.dll
 0001:000000c4       __imp__WSAIoctl@36         004010c4     ws2_32:WS2_32.dll
 0001:000000c8       __imp__accept@12           004010c8     ws2_32:WS2_32.dll
 0001:000000cc       __imp__bind@12             004010cc     ws2_32:WS2_32.dll
 0001:000000d0       \177WS2_32_NULL_THUNK_DATA 004010d0     ws2_32:WS2_32.dll
 0001:000000d8       ??_C@_11LOCGONAA@?$AA?$AA@ 004010d8     common.obj
 0001:000000dc       ??_C@_17EKNKKPIB@?$AA0?$AA?3?$AA0?$AA?$AA@ 004010dc     common.obj
 0001:000000e4       ??_C@_1BE@PNMLBEGE@?$AA?$CF?$AA?9?$AA2?$AA0?$AAs?$AA?5?$AA?$CF?$AAs?$AA?6?$AA?$AA@ 004010e4     common.obj
 0001:000000f8       ??_C@_1BK@BKKBCCCB@?$AA?5?$AA?5?$AA?9?$AA?$CF?$AA?9?$AA1?$AA7?$AAs?$AA?5?$AA?$CF?$AAs?$AA?6?$AA?$AA@ 004010f8     common.obj
 0001:00000118       ??_C@_1FA@KMPFAEDL@?$AAS?$AAt?$AAa?$AAr?$AAt?$AA?5?$AAa?$AA?5?$AAb?$AAa?$AAc?$AAk?$AAc?$AAo?$AAn?$AAn?$AAe?$AAc?$AAt?$AA?5?$AAs?$AAe?$AAr?$AAv?$AAe?$AAr?$AA?5?$AAf?$AAo?$AAr?$AA?5?$AAo@ 00401118     core.obj
 0001:00000168       ??_C@_1O@ILDDHBIN@?$AAl?$AAi?$AAs?$AAt?$AAe?$AAn?$AA?$AA@ 00401168     core.obj
 0001:00000178       ??_C@_1GC@DIPDIEKG@?$AAT?$AAC?$AAP?$AA?5?$AAp?$AAo?$AAr?$AAt?$AA?5?$AAf?$AAo?$AAr?$AA?5?$AAa?$AAc?$AAc?$AAe?$AAp?$AAt?$AAi?$AAn?$AAg?$AA?5?$AAa?$AA?5?$AAc?$AAo?$AAn?$AAn?$AAe?$AAc?$AAt@ 00401178     core.obj
 0001:000001dc       ??_C@_1BE@JHHAJCBO@?$AAc?$AAp?$AA?3?$AA?$FL?$AAp?$AAo?$AAr?$AAt?$AA?$FN?$AA?$AA@ 004011dc     core.obj
 0001:000001f0       ??_C@_1FM@CIIPDHCK@?$AAT?$AAC?$AAP?$AA?5?$AAp?$AAo?$AAr?$AAt?$AA?5?$AAf?$AAo?$AAr?$AA?5?$AAa?$AAc?$AAc?$AAe?$AAp?$AAt?$AAi?$AAn?$AAg?$AA?5?$AAa?$AA?5?$AAc?$AAo?$AAn?$AAn?$AAe?$AAc?$AAt@ 004011f0     core.obj
 0001:0000024c       ??_C@_1BE@PCBHKJFI@?$AAb?$AAp?$AA?3?$AA?$FL?$AAp?$AAo?$AAr?$AAt?$AA?$FN?$AA?$AA@ 0040124c     core.obj
 0001:00000260       ??_C@_1CK@PEAOHFLC@?$AAL?$AAi?$AAs?$AAt?$AAe?$AAn?$AA?5?$AAo?$AAn?$AA?5?$AAI?$AAP?$AAv?$AA6?$AA?5?$AAp?$AAo?$AAr?$AAt?$AA?4?$AA?$AA@ 00401260     core.obj
 0001:0000028c       ??_C@_19JFOMGAAC@?$AAi?$AAp?$AAv?$AA6?$AA?$AA@ 0040128c     core.obj
 0001:00000298       ??_C@_1CK@HDKOFANB@?$AAL?$AAi?$AAs?$AAt?$AAe?$AAn?$AA?5?$AAo?$AAn?$AA?5?$AAI?$AAP?$AAv?$AA4?$AA?5?$AAp?$AAo?$AAr?$AAt?$AA?4?$AA?$AA@ 00401298     core.obj
 0001:000002c4       ??_C@_19DPOFKIIJ@?$AAi?$AAp?$AAv?$AA4?$AA?$AA@ 004012c4     core.obj
 0001:000002d0       ??_C@_1EM@PGMKKGAH@?$AAS?$AAu?$AAp?$AAp?$AAr?$AAe?$AAs?$AAs?$AAe?$AAs?$AA?5?$AAd?$AAi?$AAs?$AAp?$AAl?$AAa?$AAy?$AA?5?$AAo?$AAf?$AA?5?$AAs?$AAi?$AAg?$AAn?$AA?9?$AAo?$AAn?$AA?5?$AAb?$AAa@ 004012d0     core.obj
 0001:0000031c       ??_C@_1O@IHGACBLG@?$AAn?$AAo?$AAl?$AAo?$AAg?$AAo?$AA?$AA@ 0040131c     core.obj
 0001:00000368       ??_C@_1JI@BHLMMDII@?$AAZ?$AAe?$AAu?$AAS?$AA?5?$AAB?$AAa?$AAc?$AAk?$AAc?$AAo?$AAn?$AAn?$AAe?$AAc?$AAt?$AA?5?$AAS?$AAe?$AAr?$AAv?$AAe?$AAr?$AA?5?$AA?$CF?$AAu?$AA?4?$AA?$CF?$AAu?$AA?4?$AA?$CF?$AAu@ 00401368     core.obj
 0001:00000400       ??_C@_1FM@PIJHPOBL@?$AAU?$AAs?$AAa?$AAg?$AAe?$AA?3?$AA?5?$AA?$CF?$AAs?$AA?5?$AA?$DM?$AAc?$AAo?$AAm?$AAm?$AAa?$AAn?$AAd?$AA?$DO?$AA?5?$AA?9?$AA?$DM?$AAs?$AAw?$AAi?$AAt?$AAc?$AAh?$AA?5?$AA1?$AA?$DO?$AA?5@ 00401400     core.obj
 0001:0000045c       ??_C@_1DM@DNPBHPDF@?$AAE?$AAR?$AAR?$AAO?$AAR?$AA?3?$AA?5?$AAU?$AAn?$AAk?$AAn?$AAo?$AAw?$AAn?$AA?5?$AAc?$AAo?$AAm?$AAm?$AAa?$AAn?$AAd?$AA?5?$AA?$CC?$AA?$CF?$AAs?$AA?$CC?$AA?4?$AA?6?$AA?$AA@ 0040145c     core.obj
 0001:00000498       ??_C@_1DG@HNOOEEKI@?$AAE?$AAR?$AAR?$AAO?$AAR?$AA?3?$AA?5?$AAS?$AAy?$AAn?$AAt?$AAa?$AAx?$AA?5?$AAe?$AAr?$AAr?$AAo?$AAr?$AA?5?$AA?$CC?$AA?$CF?$AAs?$AA?$CC?$AA?4?$AA?6?$AA?$AA@ 00401498     core.obj
 0001:000004d0       ??_C@_1DK@JNGFIECK@?$AAE?$AAR?$AAR?$AAO?$AAR?$AA?3?$AA?5?$AAU?$AAn?$AAk?$AAn?$AAo?$AAw?$AAn?$AA?5?$AAs?$AAw?$AAi?$AAt?$AAc?$AAh?$AA?5?$AA?$CC?$AA?$CF?$AAs?$AA?$CC?$AA?4?$AA?6?$AA?$AA@ 004014d0     core.obj
 0001:0000050c       ??_C@_1DK@KPNNPOKJ@?$AAS?$AAe?$AAs?$AAs?$AAi?$AAo?$AAn?$AA?5?$AAc?$AAr?$AAe?$AAa?$AAt?$AAe?$AAd?$AA?5?$AAf?$AAo?$AAr?$AA?5?$AAI?$AAD?$AA?3?$AA?5?$AA?$CF?$AAu?$AA?4?$AA?6?$AA?$AA@ 0040150c     listen.obj
 0001:00000548       ??_C@_1CI@GBBAJFIA@?$AAT?$AAi?$AAm?$AAe?$AAo?$AAu?$AAt?$AA?5?$AAf?$AAo?$AAr?$AA?5?$AAI?$AAD?$AA?5?$AA?$CF?$AAu?$AA?4?$AA?6?$AA?$AA@ 00401548     listen.obj
 0001:00000570       ??_C@_1IM@EENLBLEF@?$AAF?$AAa?$AAi?$AAl?$AAe?$AAd?$AA?5?$AAt?$AAo?$AA?5?$AAa?$AAc?$AAc?$AAe?$AAp?$AAt?$AAe?$AAd?$AA?5?$AAn?$AAe?$AAw?$AA?5?$AAc?$AAo?$AAn?$AAe?$AAc?$AAt?$AAi?$AAo?$AAn@ 00401570     listen.obj
 0001:000005fc       ??_C@_13IMODFHAA@?$AA?9?$AA?$AA@ 004015fc     listen.obj
 0001:00000600       ??_C@_1GM@FCHOEAFI@?$AAA?$AAc?$AAc?$AAe?$AAp?$AAt?$AAe?$AAd?$AA?5?$AAn?$AAe?$AAw?$AA?5?$AAc?$AAo?$AAn?$AAe?$AAc?$AAt?$AAi?$AAo?$AAn?$AA?5?$AAf?$AAr?$AAo?$AAm?$AA?5?$AAb?$AAo?$AAt?$AA?5@ 00401600     listen.obj
 0001:00000670       ??_C@_1HG@GIKMDFKC@?$AAF?$AAa?$AAi?$AAl?$AAe?$AAd?$AA?5?$AAt?$AAo?$AA?5?$AAa?$AAc?$AAc?$AAe?$AAp?$AAt?$AAe?$AAd?$AA?5?$AAn?$AAe?$AAw?$AA?5?$AAc?$AAo?$AAn?$AAe?$AAc?$AAt?$AAi?$AAo?$AAn@ 00401670     listen.obj
 0001:000006e8       ??_C@_1IA@OMLJDJOK@?$AAF?$AAa?$AAi?$AAl?$AAe?$AAd?$AA?5?$AAt?$AAo?$AA?5?$AAa?$AAc?$AAc?$AAe?$AAp?$AAt?$AAe?$AAd?$AA?5?$AAn?$AAe?$AAw?$AA?5?$AAc?$AAo?$AAn?$AAe?$AAc?$AAt?$AAi?$AAo?$AAn@ 004016e8     listen.obj
 0001:00000768       ??_C@_1FO@JDKAKLGM@?$AAF?$AAa?$AAi?$AAl?$AAe?$AAd?$AA?5?$AAt?$AAo?$AA?5?$AAa?$AAc?$AAc?$AAe?$AAp?$AAt?$AAe?$AAd?$AA?5?$AAn?$AAe?$AAw?$AA?5?$AAc?$AAo?$AAn?$AAe?$AAc?$AAt?$AAi?$AAo?$AAn@ 00401768     listen.obj
 0001:000007c8       ??_C@_1LG@GGPDGIHA@?$AAA?$AAc?$AAc?$AAe?$AAp?$AAt?$AAe?$AAd?$AA?5?$AAn?$AAe?$AAw?$AA?5?$AAc?$AAo?$AAn?$AAe?$AAc?$AAt?$AAi?$AAo?$AAn?$AA?5?$AAf?$AAr?$AAo?$AAm?$AA?5?$AAc?$AAl?$AAi?$AAe@ 004017c8     listen.obj
 0001:00000880       ??_C@_1GM@CEEDPAOE@?$AAA?$AAc?$AAc?$AAe?$AAp?$AAt?$AAe?$AAd?$AA?5?$AAn?$AAe?$AAw?$AA?5?$AAc?$AAo?$AAn?$AAe?$AAc?$AAt?$AAi?$AAo?$AAn?$AA?5?$AAf?$AAr?$AAo?$AAm?$AA?5?$AAc?$AAl?$AAi?$AAe@ 00401880     listen.obj
 0001:000008f0       ??_C@_1FO@HPKMPBKP@?$AAE?$AAR?$AAR?$AAO?$AAR?$AA?3?$AA?5?$AAF?$AAa?$AAi?$AAl?$AAe?$AAd?$AA?5?$AAt?$AAo?$AA?5?$AAc?$AAr?$AAe?$AAa?$AAt?$AAe?$AA?5?$AAn?$AAe?$AAw?$AA?5?$AAt?$AAh?$AAr?$AAe@ 004018f0     listen.obj
 0001:00000950       ??_C@_1CG@MNKHGFPB@?$AAS?$AAo?$AAc?$AAk?$AAe?$AAt?$AA?5?$AAe?$AAr?$AAr?$AAo?$AAr?$AA?3?$AA?5?$AA?$CF?$AAu?$AA?4?$AA?6?$AA?$AA@ 00401950     listen.obj
 0001:00000978       ??_C@_1DE@ILCHCMNB@?$AA?6?$AAS?$AAh?$AAu?$AAt?$AAt?$AAi?$AAn?$AAg?$AA?5?$AAd?$AAo?$AAw?$AAn?$AA?5?$AAs?$AAe?$AAr?$AAv?$AAe?$AAr?$AA?4?$AA?4?$AA?4?$AA?6?$AA?$AA@ 00401978     listen.obj
 0001:000009b0       ??_C@_1FE@JCDEIIAJ@?$AAE?$AAR?$AAR?$AAO?$AAR?$AA?3?$AA?5?$AAF?$AAa?$AAi?$AAl?$AAe?$AAd?$AA?5?$AAt?$AAo?$AA?5?$AAl?$AAi?$AAs?$AAt?$AAe?$AAn?$AA?5?$AAo?$AAn?$AA?5?$AAI?$AAP?$AAv?$AA4?$AA?5@ 004019b0     listen.obj
 0001:00000a04       ??_C@_1DI@JANFEIJ@?$AAL?$AAi?$AAs?$AAt?$AAe?$AAn?$AAi?$AAn?$AAg?$AA?5?$AAo?$AAn?$AA?5?$AAI?$AAP?$AAv?$AA4?$AA?5?$AAp?$AAo?$AAr?$AAt?$AA?5?$AA?$CF?$AAu?$AA?4?$AA?6?$AA?$AA@ 00401a04     listen.obj
 0001:00000a40       ??_C@_1FE@ELAPEEAG@?$AAE?$AAR?$AAR?$AAO?$AAR?$AA?3?$AA?5?$AAF?$AAa?$AAi?$AAl?$AAe?$AAd?$AA?5?$AAt?$AAo?$AA?5?$AAl?$AAi?$AAs?$AAt?$AAe?$AAn?$AA?5?$AAo?$AAn?$AA?5?$AAI?$AAP?$AAv?$AA6?$AA?5@ 00401a40     listen.obj
 0001:00000a94       ??_C@_1DI@NADGJIIG@?$AAL?$AAi?$AAs?$AAt?$AAe?$AAn?$AAi?$AAn?$AAg?$AA?5?$AAo?$AAn?$AA?5?$AAI?$AAP?$AAv?$AA6?$AA?5?$AAp?$AAo?$AAr?$AAt?$AA?5?$AA?$CF?$AAu?$AA?4?$AA?6?$AA?$AA@ 00401a94     listen.obj
 0001:00000acc       ??_C@_15GADOFAJB@?$AAb?$AAp?$AA?$AA@ 00401acc     listen.obj
 0001:00000ad4       ??_C@_15KLGCIDDE@?$AAc?$AAp?$AA?$AA@ 00401ad4     listen.obj
 0001:00000ae0       ??_C@_1EG@DMNIBKE@?$AA?6?$AAP?$AAl?$AAe?$AAa?$AAs?$AAe?$AA?5?$AAt?$AAy?$AAp?$AAe?$AA?5?$AAa?$AA?5?$AAc?$AAo?$AAr?$AAr?$AAe?$AAc?$AAt?$AA?5?$AAT?$AAC?$AAP?$AA?5?$AAp?$AAo?$AAr?$AAt?$AAs@ 00401ae0     listen.obj
 0001:00000b28       ??_C@_1FA@LGMMKGDL@?$AAE?$AAR?$AAR?$AAO?$AAR?$AA?3?$AA?5?$AAF?$AAa?$AAi?$AAl?$AAe?$AAd?$AA?5?$AAt?$AAo?$AA?5?$AAi?$AAn?$AAi?$AAt?$AAi?$AAa?$AAl?$AAi?$AAz?$AAe?$AA?5?$AAW?$AAi?$AAn?$AAS@ 00401b28     listen.obj
 0001:00000b78       ??_C@_1CO@FGBKDLHI@?$AAE?$AAR?$AAR?$AAO?$AAR?$AA?3?$AA?5?$AAU?$AAn?$AAk?$AAn?$AAo?$AAw?$AAn?$AA?5?$AAe?$AAr?$AAr?$AAo?$AAr?$AA?4?$AA?6?$AA?$AA@ 00401b78     listen.obj
 0001:00000ba8       ??_C@_1OC@OANAEKPN@?$AA?6?$AAP?$AAr?$AAe?$AAs?$AAs?$AA?5?$AAC?$AAt?$AAr?$AAl?$AA?$CL?$AAC?$AA?5?$AAk?$AAe?$AAy?$AA?5?$AAt?$AAo?$AA?5?$AAs?$AAh?$AAu?$AAt?$AAd?$AAo?$AAw?$AAn?$AA?5?$AAs?$AAe@ 00401ba8     listen.obj
 0001:00000c8c       ??_C@_1BC@LGEPMBFP@?$AA?6?$AAR?$AAe?$AAa?$AAd?$AAy?$AA?$CB?$AA?6?$AA?$AA@ 00401c8c     listen.obj
 0001:00000c9e       ?reallocEx@Mem@@YI_NPAXK@Z 00401c9e f   common.obj
 0001:00000ce3       ?alloc@Mem@@YIPAXK@Z       00401ce3 f   common.obj
 0001:00000cfb       ?free@Mem@@YIXPAX@Z        00401cfb f   common.obj
 0001:00000d17       ?_copy@Mem@@YGXPAXPBXK@Z   00401d17 f   common.obj
 0001:00000d2e       ?_set@Mem@@YGXPAXDK@Z      00401d2e f   common.obj
 0001:00000e2c       ?_ToInt32W@Str@@YIHPA_WPA_N@Z 00401e2c f   common.obj
 0001:00000ec3       ?_LengthA@Str@@YIHPBD@Z    00401ec3 f   common.obj
 0001:00000ed5       ?_LengthW@Str@@YIHPB_W@Z   00401ed5 f   common.obj
 0001:00000ee9       ?_CompareW@Str@@YIHPB_W0HH@Z 00401ee9 f   common.obj
 0001:00000f9e       ?_findCharW@Str@@YIPA_WQA_W_W@Z 00401f9e f   common.obj
 0001:00000fba       ?_vsprintfExW@Str@@YIHPAPA_WPB_WPAD@Z 00401fba f   common.obj
 0001:00000ff0       ?genrand_int32@@YIKXZ      00401ff0 f   common.obj
 0001:000010e4       ?mtRand@Crypt@@YIKXZ       004020e4 f   common.obj
 0001:00001130       ?tcpRecvAll@WSocket@@YI_NIPAXHK@Z 00402130 f   common.obj
 0001:0000119c       ?tcpRecvAllToNull@WSocket@@YI_NIHK@Z 0040219c f   common.obj
 0001:000011ca       ?tcpListen@WSocket@@YIIPBUsockaddr_storage@@H@Z 004021ca f   common.obj
 0001:0000121b       ?tcpTunnelAndWaitForWinEvent@WSocket@@YIXIIPAX@Z 0040221b f   common.obj
 0001:00001304       ?tcpWaitForEvent@WSocket@@YIIPBIKK0K@Z 00402304 f   common.obj
 0001:0000139b       ?tcpClose@WSocket@@YIXI@Z  0040239b f   common.obj
 0001:000013b1       ?writeStringW@Console@@YIKPA_WK@Z 004023b1 f   common.obj
 0001:000013fb       ?writeFormatW@Console@@YAKPA_WZZ 004023fb f   common.obj
 0001:00001434       ?_checkSwitches@Cui@@YIKPBQA_WHPBUSWITCH@1@E@Z 00402434 f   common.obj
 0001:00001506       ?_getSwitchValue@Cui@@YIPA_WPBQA_WKQA_W@Z 00402506 f   common.obj
 0001:00001587       ?_showHelp@Cui@@YIXPBUCOMMAND@1@EQA_W1@Z 00402587 f   common.obj
 0001:000015de       ?showLogo@Core@@YIXXZ      004025de f   core.obj
 0001:000015f4       ?entryPoint@@YGXXZ         004025f4 f   core.obj
 0001:00001faf       ?commandListen@@YIXPAPA_WK@Z 00402faf f   listen.obj
 0001:00002218       __IMPORT_DESCRIPTOR_KERNEL32 00403218     kernel32:KERNEL32.dll
 0001:0000222c       __IMPORT_DESCRIPTOR_SHLWAPI 0040322c     shlwapi:SHLWAPI.dll
 0001:00002240       __IMPORT_DESCRIPTOR_SHELL32 00403240     shell32:SHELL32.dll
 0001:00002254       __IMPORT_DESCRIPTOR_WS2_32 00403254     ws2_32:WS2_32.dll
 0001:00002268       __NULL_IMPORT_DESCRIPTOR   00403268     kernel32:KERNEL32.dll
 0002:00000de0       ?coreData@@3UCOREDATA@@A   00404de0     core.obj

 entry point at        0000:00000000

 Static symbols

 0001:00000d45       ?xToUnicode@@YIHKQADHPA_WH@Z 00401d45 f    CIL library: CIL module
 0001:00000d7b       ?xToUnicodeEx@@YIPA_WKPADH@Z 00401d7b f    CIL library: CIL module
 0001:00000db9       ?vsprintfHelperExW@@YIKPAPA_WKQA_WPAD@Z 00401db9 f    CIL library: CIL module
 0001:000017a6       ?getBccConnect@@YIPAUBCCCONNECT@@K@Z 004027a6 f    CIL library: CIL module
 0001:000017d7       ?addBccConnect@@YIKI@Z     004027d7 f    CIL library: CIL module
 0001:000018a2       ?closeBccConnect@@YIXK@Z   004028a2 f    CIL library: CIL module
 0001:00001947       ?sockTunnel@@YGKPAX@Z      00402947 f    CIL library: CIL module
 0001:00001a07       ?acceptGeneralConnections@@YIXPBUGENSOCKDATA@@@Z 00402a07 f    CIL library: CIL module
 0001:00001ef1       ?handlerRoutine@@YGHK@Z    00402ef1 f    CIL library: CIL module
 0001:00001f03       ?listenPortIpv4@@YIIG@Z    00402f03 f    CIL library: CIL module
 0001:00001f59       ?listenPortIpv6@@YIIG@Z    00402f59 f    CIL library: CIL module
