 zsb

 Timestamp is 4da70da4 (Thu Apr 14 16:07:16 2011)

 Preferred load address is 00400000

 Start         Length     Name                   Class
 0001:00000000 00004c3dH .text                   CODE
 0001:00004c40 00001e41H code                    CODE
 0002:00000000 0000013cH .idata$5                DATA
 0002:00000140 000247c0H .rdata                  DATA
 0002:00024900 000000a0H .idata$2                DATA
 0002:000249a0 00000014H .idata$3                DATA
 0002:000249b4 0000013cH .idata$4                DATA
 0002:00024af0 00000574H .idata$6                DATA
 0002:00025064 00000000H .edata                  DATA
 0003:00000000 00000054H .data                   DATA
 0003:00000058 00001400H .bss                    DATA
 0004:00000000 00000220H .rsrc$01                DATA
 0004:00000220 000040f8H .rsrc$02                DATA

  Address         Publics by Value              Rva+Base       Lib:Object

 0001:00000000       ?writeOutput@@YAXPAUHWND__@@PA_WZZ 00401000 f   tools.obj
 0001:0000007f       ?writeOutputError@@YAXPAUHWND__@@PA_WZZ 0040107f f   tools.obj
 0001:000000b8       ?closeThreadIfFinsinhed@@YIXPAPAX@Z 004010b8 f   tools.obj
 0001:00000224       ?toolBuilderProc@@YGHPAUHWND__@@IIJ@Z 00401224 f   builder.obj
 0001:000004b8       ?toolSettingsProc@@YGHPAUHWND__@@IIJ@Z 004014b8 f   settings.obj
 0001:00000628       ?reallocEx@Mem@@YI_NPAXK@Z 00401628 f   common.obj
 0001:00000649       ?realloc@Mem@@YIPAXPAXK@Z  00401649 f   common.obj
 0001:0000067d       ?alloc@Mem@@YIPAXK@Z       0040167d f   common.obj
 0001:00000690       ?free@Mem@@YIXPAX@Z        00401690 f   common.obj
 0001:000006ac       ?freeArrayOfPointers@Mem@@YIXPAXK@Z 004016ac f   common.obj
 0001:000006cc       ?_copy@Mem@@YGXPAXPBXK@Z   004016cc f   common.obj
 0001:000006e3       ?_zero@Mem@@YIXPAXK@Z      004016e3 f   common.obj
 0001:000006f5       ?_set@Mem@@YGXPAXDK@Z      004016f5 f   common.obj
 0001:00000898       ?_CopyExA@Str@@YIPADPADH@Z 00401898 f   common.obj
 0001:000008d5       ?_ToInt32A@Str@@YIHPADPA_N@Z 004018d5 f   common.obj
 0001:0000095f       ?_getArgumentsA@Str@@YIKQADKPAPAPADK@Z 0040195f f   common.obj
 0001:00000a47       ?_LengthA@Str@@YIHPBD@Z    00401a47 f   common.obj
 0001:00000a59       ?_LengthW@Str@@YIHPB_W@Z   00401a59 f   common.obj
 0001:00000a6d       ?_sprintfW@Str@@YAHPA_WHPB_WZZ 00401a6d f   common.obj
 0001:00000ab1       ?_sprintfExW@Str@@YAHPAPA_WPB_WZZ 00401ab1 f   common.obj
 0001:00000ac4       ?_vsprintfExW@Str@@YIHPAPA_WPB_WPAD@Z 00401ac4 f   common.obj
 0001:00000afa       ?_utf8FromUnicode@Str@@YI_NQA_WHPAUUTF8STRING@1@@Z 00401afa f   common.obj
 0001:00000b30       ?_utf8FromAnsi@Str@@YI_NQADHPAUUTF8STRING@1@@Z 00401b30 f   common.obj
 0001:0000138a       ?_Compress@UCL@@YIHPAEK0PAKPAUPROGRESS_CALLBACK@1@K@Z 0040238a f   common.obj
 0001:000016a7       ?genrand_int32@@YIKXZ      004026a7 f   common.obj
 0001:0000179b       ?_md5Hash@Crypt@@YI_NPAEPAXK@Z 0040279b f   common.obj
 0001:0000182f       ?mtRand@Crypt@@YIKXZ       0040282f f   common.obj
 0001:0000187b       ?mtRandRange@Crypt@@YIKKK@Z 0040287b f   common.obj
 0001:000018a4       ?crc32Hash@Crypt@@YIKPBXK@Z 004028a4 f   common.obj
 0001:0000190e       ?_rc4Init@Crypt@@YIXPBXGPAURC4KEY@1@@Z 0040290e f   common.obj
 0001:00001971       ?_rc4@Crypt@@YIXPAXKPAURC4KEY@1@@Z 00402971 f   common.obj
 0001:000019e2       ?_generateBinaryData@Crypt@@YIXPAXKEE_N@Z 004029e2 f   common.obj
 0001:00001a09       ?_saveToFile@Fs@@YI_NQA_WPBXK@Z 00402a09 f   common.obj
 0001:00001a6e       ?_fileToMem@Fs@@YI_NPA_WPAUMEMFILE@1@K@Z 00402a6e f   common.obj
 0001:00001b08       ?_closeMemFile@Fs@@YIXPAUMEMFILE@1@@Z 00402b08 f   common.obj
 0001:00001b2f       ?_removeFile@Fs@@YI_NPA_W@Z 00402b2f f   common.obj
 0001:00001b50       ?_pathCombine@Fs@@YI_NPA_WQA_W1@Z 00402b50 f   common.obj
 0001:00001b7e       ?_ParseFile@Config0@@YI_NPA_WPAUCFGDATA@1@@Z 00402b7e f   common.obj
 0001:00001cf4       ?_Close@Config0@@YIXPAUCFGDATA@1@@Z 00402cf4 f   common.obj
 0001:00001d21       ?_FreeVar@Config0@@YIXPAU_VAR@1@@Z 00402d21 f   common.obj
 0001:00001d5d       ?_AddVar@Config0@@YIPAU_VAR@1@PAU21@PAUCFGDATA@1@PAPADE@Z 00402d5d f   common.obj
 0001:00001db4       ?_GetVar@Config0@@YIPAU_VAR@1@PAU21@PAUCFGDATA@1@PAD2@Z 00402db4 f   common.obj
 0001:00001e39       ?_getWindowText@Gui@@YIPA_WPAUHWND__@@PAK@Z 00402e39 f   common.obj
 0001:00001e88       ?_browseForFile@Gui@@YI_NPAUHWND__@@PA_W1@Z 00402e88 f   common.obj
 0001:00001ed4       ?_browseForSaveFile@Gui@@YI_NPAUHWND__@@PA_W111K@Z 00402ed4 f   common.obj
 0001:00001f3b       ?_getUserByProcessHandle@Process@@YIPAU_TOKEN_USER@@PAXPAK@Z 00402f3b f   common.obj
 0001:00001f99       ?_getUserByToken@WinSecurity@@YIPAU_TOKEN_USER@@PAX@Z 00402f99 f   common.obj
 0001:00001ffa       ?_createFromMemory@PeImage@@YIPAXPAUPEDATA@1@PAXK_N@Z 00402ffa f   common.obj
 0001:0000218a       ?_freeImage@PeImage@@YIXPAUPEDATA@1@@Z 0040318a f   common.obj
 0001:000021c5       ?_setDosHeader@PeImage@@YI_NPAUPEDATA@1@PAX@Z 004031c5 f   common.obj
 0001:00002211       ?_setNtHeaderFromNtHeader@PeImage@@YI_NPAUPEDATA@1@PAX@Z 00403211 f   common.obj
 0001:00002296       ?_addSection@PeImage@@YI_NPAUPEDATA@1@PADKPAXKKKKK@Z 00403296 f   common.obj
 0001:000023ca       ?_buildImage@PeImage@@YIKPAUPEDATA@1@KKPAPAE@Z 004033ca f   common.obj
 0001:000026db       ?_rvaToRsa@PeImage@@YIKPAUPEDATA@1@KPAG@Z 004036db f   common.obj
 0001:00002742       ?_isPeImage@PeImage@@YI_NPAXK@Z 00403742 f   common.obj
 0001:000027c7       ?_getOsGuid@MalwareTools@@YI_NPAU_GUID@@@Z 004037c7 f   common.obj
 0001:0000287d       ?_generateKernelObjectName@MalwareTools@@YIXPAU_GUID@@KKPA_WPAURC4KEY@Crypt@@E@Z 0040387d f   common.obj
 0001:00002905       ?_createEmpty@BinStorage@@YIPAUSTORAGE@1@XZ 00403905 f   common.obj
 0001:00002921       ?_addItem@BinStorage@@YI_NPAPAUSTORAGE@1@KKPAXK@Z 00403921 f   common.obj
 0001:000029ce       ?_addItemAsUtf8StringA@BinStorage@@YI_NPAPAUSTORAGE@1@KKPAD@Z 004039ce f   common.obj
 0001:00002a1b       ?_getNextItem@BinStorage@@YIPAUITEM@1@PBUSTORAGE@1@PAU21@@Z 00403a1b f   common.obj
 0001:00002a52       ?_pack@BinStorage@@YIKPAPAUSTORAGE@1@KPAURC4KEY@Crypt@@@Z 00403a52 f   common.obj
 0001:00002be8       ?_createOverlay@BaseOverlay@@YI_NPAXPBXGPBURC4KEY@Crypt@@@Z 00403be8 f   common.obj
 0001:00002c57       ?_encryptFunction@BaseOverlay@@YIKPAEK@Z 00403c57 f   common.obj
 0001:00002cb0       ?init@Languages@@YIXXZ     00403cb0 f   languages.obj
 0001:00002d2e       ?get@Languages@@YIPA_WK@Z  00403d2e f   languages.obj
 0001:00002d45       ?setDefaultLangId@Languages@@YI_NG@Z 00403d45 f   languages.obj
 0001:00002db2       ?getLangInfo@Languages@@YIPBULANGINFO@1@G@Z 00403db2 f   languages.obj
 0001:00002fa8       ?entryPoint@@YGXXZ         00403fa8 f   main.obj
 0001:00003324       ?toolInformationProc@@YGHPAUHWND__@@IIJ@Z 00404324 f   info.obj
 0001:00003495       ?__GetArgsA@@YIKPAD0PAPAPADPAPADK@Z 00404495 f   buildconfig.obj
 0001:00003ca0       ?webFake2Binary@@YIPAUHEADER@HttpInject@@PAU_VAR@Config0@@@Z 00404ca0 f   buildconfig.obj
 0001:00004015       ?_run@BuildConfig@@YI_NPAUHWND__@@0PAUCFGDATA@Config0@@PA_W@Z 00405015 f   buildconfig.obj
 0001:00004518       ?_run@BuildBot@@YI_NPAUHWND__@@0PAUCFGDATA@Config0@@PA_W@Z 00405518 f   buildbot.obj
 0001:00004c40       _LDE@8                     00405c40     lde32:LDE64.obj
 0001:00004c40       start                      00405c40     lde32:LDE64.obj
 0002:00000000       __imp__OpenProcessToken@12 00408000     advapi32:ADVAPI32.dll
 0002:00000004       __imp__CryptGetHashParam@20 00408004     advapi32:ADVAPI32.dll
 0002:00000008       __imp__CryptReleaseContext@8 00408008     advapi32:ADVAPI32.dll
 0002:0000000c       __imp__CryptCreateHash@20  0040800c     advapi32:ADVAPI32.dll
 0002:00000010       __imp__CryptDestroyHash@4  00408010     advapi32:ADVAPI32.dll
 0002:00000014       __imp__CryptHashData@16    00408014     advapi32:ADVAPI32.dll
 0002:00000018       __imp__GetLengthSid@4      00408018     advapi32:ADVAPI32.dll
 0002:0000001c       __imp__CryptAcquireContextW@20 0040801c     advapi32:ADVAPI32.dll
 0002:00000020       __imp__GetTokenInformation@20 00408020     advapi32:ADVAPI32.dll
 0002:00000024       \177ADVAPI32_NULL_THUNK_DATA 00408024     advapi32:ADVAPI32.dll
 0002:00000028       __imp__InitCommonControlsEx@4 00408028     comctl32:COMCTL32.dll
 0002:0000002c       \177COMCTL32_NULL_THUNK_DATA 0040802c     comctl32:COMCTL32.dll
 0002:00000030       __imp__GetSaveFileNameW@4  00408030     comdlg32:COMDLG32.dll
 0002:00000034       __imp__GetOpenFileNameW@4  00408034     comdlg32:COMDLG32.dll
 0002:00000038       \177COMDLG32_NULL_THUNK_DATA 00408038     comdlg32:COMDLG32.dll
 0002:0000003c       __imp__CreateFileW@28      0040803c     kernel32:KERNEL32.dll
 0002:00000040       __imp__MultiByteToWideChar@24 00408040     kernel32:KERNEL32.dll
 0002:00000044       __imp__GetFileSizeEx@8     00408044     kernel32:KERNEL32.dll
 0002:00000048       __imp__GetLastError@0      00408048     kernel32:KERNEL32.dll
 0002:0000004c       __imp__lstrcmpiA@8         0040804c     kernel32:KERNEL32.dll
 0002:00000050       __imp__VirtualAlloc@16     00408050     kernel32:KERNEL32.dll
 0002:00000054       __imp__WideCharToMultiByte@32 00408054     kernel32:KERNEL32.dll
 0002:00000058       __imp__ReadFile@20         00408058     kernel32:KERNEL32.dll
 0002:0000005c       __imp__GetVolumeNameForVolumeMountPointW@12 0040805c     kernel32:KERNEL32.dll
 0002:00000060       __imp__DeleteFileW@4       00408060     kernel32:KERNEL32.dll
 0002:00000064       __imp__SetFileAttributesW@8 00408064     kernel32:KERNEL32.dll
 0002:00000068       __imp__WritePrivateProfileStringW@16 00408068     kernel32:KERNEL32.dll
 0002:0000006c       __imp__GetPrivateProfileIntW@16 0040806c     kernel32:KERNEL32.dll
 0002:00000070       __imp__GetUserDefaultUILanguage@0 00408070     kernel32:KERNEL32.dll
 0002:00000074       __imp__ExitProcess@4       00408074     kernel32:KERNEL32.dll
 0002:00000078       __imp__GetModuleFileNameW@12 00408078     kernel32:KERNEL32.dll
 0002:0000007c       __imp__GetFileAttributesExW@12 0040807c     kernel32:KERNEL32.dll
 0002:00000080       __imp__lstrcpyW@8          00408080     kernel32:KERNEL32.dll
 0002:00000084       __imp__WriteFile@20        00408084     kernel32:KERNEL32.dll
 0002:00000088       __imp__IsBadReadPtr@8      00408088     kernel32:KERNEL32.dll
 0002:0000008c       __imp__GetProcessHeap@0    0040808c     kernel32:KERNEL32.dll
 0002:00000090       __imp__VirtualFree@12      00408090     kernel32:KERNEL32.dll
 0002:00000094       __imp__GetTickCount@0      00408094     kernel32:KERNEL32.dll
 0002:00000098       __imp__GetModuleHandleW@4  00408098     kernel32:KERNEL32.dll
 0002:0000009c       __imp__HeapFree@12         0040809c     kernel32:KERNEL32.dll
 0002:000000a0       __imp__HeapAlloc@12        004080a0     kernel32:KERNEL32.dll
 0002:000000a4       __imp__HeapReAlloc@16      004080a4     kernel32:KERNEL32.dll
 0002:000000a8       __imp__CreateThread@24     004080a8     kernel32:KERNEL32.dll
 0002:000000ac       __imp__CloseHandle@4       004080ac     kernel32:KERNEL32.dll
 0002:000000b0       __imp__WaitForSingleObject@8 004080b0     kernel32:KERNEL32.dll
 0002:000000b4       \177KERNEL32_NULL_THUNK_DATA 004080b4     kernel32:KERNEL32.dll
 0002:000000b8       __imp__SHGetFolderPathW@20 004080b8     shell32:SHELL32.dll
 0002:000000bc       __imp__ShellExecuteW@24    004080bc     shell32:SHELL32.dll
 0002:000000c0       \177SHELL32_NULL_THUNK_DATA 004080c0     shell32:SHELL32.dll
 0002:000000c4       __imp__StrCmpNIA@12        004080c4     shlwapi:SHLWAPI.dll
 0002:000000c8       __imp__PathFindFileNameA@4 004080c8     shlwapi:SHLWAPI.dll
 0002:000000cc       __imp__PathRemoveBackslashW@4 004080cc     shlwapi:SHLWAPI.dll
 0002:000000d0       __imp__PathCombineW@12     004080d0     shlwapi:SHLWAPI.dll
 0002:000000d4       __imp__PathAddBackslashW@4 004080d4     shlwapi:SHLWAPI.dll
 0002:000000d8       __imp__PathRemoveFileSpecW@4 004080d8     shlwapi:SHLWAPI.dll
 0002:000000dc       __imp__wvnsprintfW@16      004080dc     shlwapi:SHLWAPI.dll
 0002:000000e0       \177SHLWAPI_NULL_THUNK_DATA 004080e0     shlwapi:SHLWAPI.dll
 0002:000000e4       __imp__GetWindowTextW@12   004080e4     user32:USER32.dll
 0002:000000e8       __imp__LoadImageW@24       004080e8     user32:USER32.dll
 0002:000000ec       __imp__SetWindowTextW@8    004080ec     user32:USER32.dll
 0002:000000f0       __imp__CreateDialogParamW@20 004080f0     user32:USER32.dll
 0002:000000f4       __imp__ShowWindow@8        004080f4     user32:USER32.dll
 0002:000000f8       __imp__EndDialog@8         004080f8     user32:USER32.dll
 0002:000000fc       __imp__DialogBoxParamW@20  004080fc     user32:USER32.dll
 0002:00000100       __imp__DestroyWindow@4     00408100     user32:USER32.dll
 0002:00000104       __imp__GetDlgItem@8        00408104     user32:USER32.dll
 0002:00000108       __imp__SetWindowLongW@12   00408108     user32:USER32.dll
 0002:0000010c       __imp__SendDlgItemMessageW@20 0040810c     user32:USER32.dll
 0002:00000110       __imp__MessageBoxW@16      00408110     user32:USER32.dll
 0002:00000114       __imp__SetDlgItemTextW@12  00408114     user32:USER32.dll
 0002:00000118       __imp__SendMessageW@16     00408118     user32:USER32.dll
 0002:0000011c       __imp__GetWindowTextLengthW@4 0040811c     user32:USER32.dll
 0002:00000120       __imp__EnableWindow@8      00408120     user32:USER32.dll
 0002:00000124       \177USER32_NULL_THUNK_DATA 00408124     user32:USER32.dll
 0002:00000128       __imp__CLSIDFromString@8   00408128     ole32:ole32.dll
 0002:0000012c       __imp__CoUninitialize@0    0040812c     ole32:ole32.dll
 0002:00000130       __imp__CoInitializeEx@8    00408130     ole32:ole32.dll
 0002:00000134       __imp__StringFromGUID2@12  00408134     ole32:ole32.dll
 0002:00000138       \177ole32_NULL_THUNK_DATA  00408138     ole32:ole32.dll
 0002:00000140       ??_C@_15JNBOKNOG@?$AA?$AN?$AA?6?$AA?$AA@ 00408140     tools.obj
 0002:00000148       ??_C@_1BG@OPDBANFN@?$AAc?$AAo?$AAn?$AAf?$AAi?$AAg?$AA?4?$AAt?$AAx?$AAt?$AA?$AA@ 00408148     builder.obj
 0002:00000160       ??_C@_19LELMJPKF@?$AAe?$AAd?$AAi?$AAt?$AA?$AA@ 00408160     builder.obj
 0002:0000016a       ??_C@_00CNPNBAHC@?$AA@     0040816a     common.obj
 0002:0002294c       ??_C@_03JBJLGPFL@end?$AA@  0042a94c     common.obj
 0002:00022950       ??_C@_05HNNDEAND@entry?$AA@ 0042a950     common.obj
 0002:00022958       ??_C@_1EI@NGBIGBMK@?$AA?M?$AA?e?$AA?5?$AA?s?$AA?d?$AA?$OA?$AA?k?$AA?n?$AA?q?$AA?$PM?$AA?5?$AA?q?$AA?n?$AA?u?$AA?p?$AA?$OA?$AA?m?$AA?h?$AA?r?$AA?$PM?$AA?5?$AA?b?$AA?q?$AA?e?$AA?5?$AA?m?$AA?$OA?$AA?q?$AA?r?$AA?p?$AA?n?$AA?i@ 0042a958     languages.obj
 0002:000229a0       ??_C@_1HE@MEFBOEEA@?$AA?D?$AA?k?$AA?$PP?$AA?5?$AA?o?$AA?p?$AA?h?$AA?l?$AA?e?$AA?m?$AA?e?$AA?m?$AA?h?$AA?$PP?$AA?5?$AA?$PP?$AA?g?$AA?$PL?$AA?j?$AA?$OA?$AA?5?$AA?m?$AA?e?$AA?n?$AA?a?$AA?u?$AA?n?$AA?d?$AA?h?$AA?l?$AA?n?$AA?5@ 0042a9a0     languages.obj
 0002:00022a14       ??_C@_1BE@FALOFFJK@?$AA?O?$AA?p?$AA?h?$AA?l?$AA?e?$AA?m?$AA?h?$AA?r?$AA?$PM?$AA?$AA@ 0042aa14     languages.obj
 0002:00022a28       ??_C@_1CC@LNMLHID@?$AA?$NP?$AA?g?$AA?$PL?$AA?j?$AA?5?$AA?h?$AA?m?$AA?r?$AA?e?$AA?p?$AA?t?$AA?e?$AA?i?$AA?q?$AA?$OA?$AA?3?$AA?$AA@ 0042aa28     languages.obj
 0002:00022a50       ??_C@_1EC@FCDCPHHM@?$AA?N?$AA?a?$AA?m?$AA?$OA?$AA?p?$AA?s?$AA?f?$AA?e?$AA?m?$AA?5?$AAH?$AAT?$AAT?$AAP?$AA?9?$AA?h?$AA?m?$AA?f?$AA?e?$AA?j?$AA?r?$AA?5?$AA?q?$AA?5?$AA?n?$AA?x?$AA?h?$AA?a?$AA?j?$AA?n?$AA?i?$AA?4@ 0042aa50     languages.obj
 0002:00022a98       ??_C@_1FE@PCAANIK@?$AA?M?$AA?e?$AA?5?$AA?s?$AA?d?$AA?$OA?$AA?k?$AA?n?$AA?q?$AA?$PM?$AA?5?$AA?n?$AA?r?$AA?j?$AA?p?$AA?$PL?$AA?r?$AA?$PM?$AA?5?$AA?t?$AA?$OA?$AA?i?$AA?k?$AA?5?$AA?q?$AA?5?$AAH?$AAT?$AAT?$AAP?$AA?9?$AA?h@ 0042aa98     languages.obj
 0002:00022aec       ??_C@_1DA@BKCCOCAN@?$AA?Q?$AA?a?$AA?n?$AA?p?$AA?j?$AA?$OA?$AA?5?$AAH?$AAT?$AAT?$AAP?$AA?9?$AA?h?$AA?m?$AA?f?$AA?e?$AA?j?$AA?r?$AA?n?$AA?b?$AA?4?$AA?4?$AA?4?$AA?$AA@ 0042aaec     languages.obj
 0002:00022b20       ??_C@_1GK@FEDECPIC@?$AA?N?$AA?a?$AA?m?$AA?$OA?$AA?p?$AA?s?$AA?f?$AA?e?$AA?m?$AA?$OA?$AA?5?$AA?n?$AA?x?$AA?h?$AA?a?$AA?j?$AA?$OA?$AA?5?$AA?b?$AA?5?$AA?$CC?$AAD?$AAy?$AAn?$AAa?$AAm?$AAi?$AAc?$AAC?$AAo?$AAn?$AAf@ 0042ab20     languages.obj
 0002:00022b90       ??_C@_1FM@COJCFDDJ@?$AA?N?$AA?a?$AA?m?$AA?$OA?$AA?p?$AA?s?$AA?f?$AA?e?$AA?m?$AA?$OA?$AA?5?$AA?n?$AA?x?$AA?h?$AA?a?$AA?j?$AA?$OA?$AA?5?$AA?b?$AA?5?$AA?$CC?$AAD?$AAy?$AAn?$AAa?$AAm?$AAi?$AAc?$AAC?$AAo?$AAn?$AAf@ 0042ab90     languages.obj
 0002:00022bf0       ??_C@_1GI@ICOJMIJN@?$AA?N?$AA?a?$AA?m?$AA?$OA?$AA?p?$AA?s?$AA?f?$AA?e?$AA?m?$AA?$OA?$AA?5?$AA?n?$AA?x?$AA?h?$AA?a?$AA?j?$AA?$OA?$AA?5?$AA?b?$AA?5?$AA?$CC?$AAD?$AAy?$AAn?$AAa?$AAm?$AAi?$AAc?$AAC?$AAo?$AAn?$AAf@ 0042abf0     languages.obj
 0002:00022c58       ??_C@_1GA@PDPGBNIF@?$AA?N?$AA?a?$AA?m?$AA?$OA?$AA?p?$AA?s?$AA?f?$AA?e?$AA?m?$AA?$OA?$AA?5?$AA?n?$AA?x?$AA?h?$AA?a?$AA?j?$AA?$OA?$AA?5?$AA?b?$AA?5?$AA?$CC?$AAD?$AAy?$AAn?$AAa?$AAm?$AAi?$AAc?$AAC?$AAo?$AAn?$AAf@ 0042ac58     languages.obj
 0002:00022cb8       ??_C@_1GK@JNLDGKMM@?$AA?N?$AA?a?$AA?m?$AA?$OA?$AA?p?$AA?s?$AA?f?$AA?e?$AA?m?$AA?$OA?$AA?5?$AA?n?$AA?x?$AA?h?$AA?a?$AA?j?$AA?$OA?$AA?5?$AA?b?$AA?5?$AA?$CC?$AAD?$AAy?$AAn?$AAa?$AAm?$AAi?$AAc?$AAC?$AAo?$AAn?$AAf@ 0042acb8     languages.obj
 0002:00022d28       ??_C@_1FK@IBCHFBLI@?$AA?M?$AA?e?$AA?5?$AA?s?$AA?d?$AA?$OA?$AA?k?$AA?n?$AA?q?$AA?$PM?$AA?5?$AA?m?$AA?$OA?$AA?i?$AA?r?$AA?h?$AA?5?$AA?$CC?$AAD?$AAy?$AAn?$AAa?$AAm?$AAi?$AAc?$AAC?$AAo?$AAn?$AAf?$AAi?$AAg?$AA?1@ 0042ad28     languages.obj
 0002:00022d88       ??_C@_1FK@FHLIHJDA@?$AA?M?$AA?e?$AA?5?$AA?s?$AA?d?$AA?$OA?$AA?k?$AA?n?$AA?q?$AA?$PM?$AA?5?$AA?m?$AA?$OA?$AA?i?$AA?r?$AA?h?$AA?5?$AA?$CC?$AAD?$AAy?$AAn?$AAa?$AAm?$AAi?$AAc?$AAC?$AAo?$AAn?$AAf?$AAi?$AAg?$AA?1@ 0042ad88     languages.obj
 0002:00022de8       ??_C@_1EE@MFCKAHKF@?$AA?M?$AA?e?$AA?5?$AA?s?$AA?d?$AA?$OA?$AA?k?$AA?n?$AA?q?$AA?$PM?$AA?5?$AA?m?$AA?$OA?$AA?i?$AA?r?$AA?h?$AA?5?$AA?$CC?$AAD?$AAy?$AAn?$AAa?$AAm?$AAi?$AAc?$AAC?$AAo?$AAn?$AAf?$AAi?$AAg?$AA?$CC@ 0042ade8     languages.obj
 0002:00022e2c       ??_C@_1DI@GLAJDGNI@?$AA?H?$AA?q?$AA?u?$AA?n?$AA?d?$AA?m?$AA?$PL?$AA?i?$AA?5?$AAP?$AAE?$AA?9?$AA?t?$AA?$OA?$AA?i?$AA?k?$AA?5?$AA?o?$AA?n?$AA?b?$AA?p?$AA?e?$AA?f?$AA?d?$AA?e?$AA?m?$AA?4?$AA?$AA@ 0042ae2c     languages.obj
 0002:00022e68       ??_C@_1GA@JDNHMMCG@?$AA?M?$AA?e?$AA?5?$AA?s?$AA?d?$AA?$OA?$AA?k?$AA?n?$AA?q?$AA?$PM?$AA?5?$AA?m?$AA?$OA?$AA?i?$AA?r?$AA?h?$AA?5?$AA?$CC?$AAS?$AAt?$AAa?$AAt?$AAi?$AAc?$AAC?$AAo?$AAn?$AAf?$AAi?$AAg?$AA?1?$AAe@ 0042ae68     languages.obj
 0002:00022ec8       ??_C@_1LG@NIGNKKGC@?$AA?L?$AA?$OA?$AA?j?$AA?q?$AA?h?$AA?l?$AA?$OA?$AA?k?$AA?$PM?$AA?m?$AA?$OA?$AA?$PP?$AA?5?$AA?d?$AA?k?$AA?h?$AA?m?$AA?$OA?$AA?5?$AA?g?$AA?m?$AA?$OA?$AA?w?$AA?e?$AA?m?$AA?h?$AA?$PP?$AA?5?$AA?d?$AA?k?$AA?$PP?$AA?5@ 0042aec8     languages.obj
 0002:00022f80       ??_C@_1FI@MEFJPBMN@?$AA?M?$AA?e?$AA?5?$AA?s?$AA?d?$AA?$OA?$AA?k?$AA?n?$AA?q?$AA?$PM?$AA?5?$AA?m?$AA?$OA?$AA?i?$AA?r?$AA?h?$AA?5?$AA?$CC?$AAS?$AAt?$AAa?$AAt?$AAi?$AAc?$AAC?$AAo?$AAn?$AAf?$AAi?$AAg?$AA?1?$AAu@ 0042af80     languages.obj
 0002:00022fd8       ??_C@_1KO@DGHIODLI@?$AA?L?$AA?$OA?$AA?j?$AA?q?$AA?h?$AA?l?$AA?$OA?$AA?k?$AA?$PM?$AA?m?$AA?$OA?$AA?$PP?$AA?5?$AA?d?$AA?k?$AA?h?$AA?m?$AA?$OA?$AA?5?$AA?g?$AA?m?$AA?$OA?$AA?w?$AA?e?$AA?m?$AA?h?$AA?$PP?$AA?5?$AA?d?$AA?k?$AA?$PP?$AA?5@ 0042afd8     languages.obj
 0002:00023088       ??_C@_1EC@NBIOFPKM@?$AA?M?$AA?e?$AA?5?$AA?s?$AA?d?$AA?$OA?$AA?k?$AA?n?$AA?q?$AA?$PM?$AA?5?$AA?m?$AA?$OA?$AA?i?$AA?r?$AA?h?$AA?5?$AA?$CC?$AAS?$AAt?$AAa?$AAt?$AAi?$AAc?$AAC?$AAo?$AAn?$AAf?$AAi?$AAg?$AA?$CC?$AA?4@ 0042b088     languages.obj
 0002:000230cc       ??_C@_1DM@EKLMPNLG@?$AA?Q?$AA?a?$AA?n?$AA?p?$AA?j?$AA?$OA?$AA?5?$AA?j?$AA?n?$AA?m?$AA?t?$AA?h?$AA?c?$AA?s?$AA?p?$AA?$OA?$AA?v?$AA?h?$AA?h?$AA?5?$AA?a?$AA?n?$AA?r?$AA?$OA?$AA?4?$AA?4?$AA?4?$AA?$AN?$AA?6?$AA?$AA@ 0042b0cc     languages.obj
 0002:00023108       ??_C@_1DI@IKKEJLNE@?$AA?$AN?$AA?6?$AA?Q?$AA?A?$AA?N?$AA?P?$AA?J?$AA?$MA?$AA?5?$AA?S?$AA?Q?$AA?O?$AA?E?$AA?X?$AA?M?$AA?N?$AA?5?$AA?G?$AA?$MA?$AA?B?$AA?E?$AA?P?$AA?X?$AA?E?$AA?M?$AA?$MA?$AA?$CB?$AA?$AA@ 0042b108     languages.obj
 0002:00023140       ??_C@_1CM@CHMDJAMB@?$AA?P?$AA?$OA?$AA?g?$AA?l?$AA?e?$AA?p?$AA?5?$AA?t?$AA?$OA?$AA?i?$AA?k?$AA?$OA?$AA?5?$AA?$CF?$AAu?$AA?5?$AA?a?$AA?$OA?$AA?i?$AA?r?$AA?4?$AA?$AA@ 0042b140     languages.obj
 0002:0002316c       ??_C@_1CM@PBCECDE@?$AA?Q?$AA?n?$AA?g?$AA?d?$AA?$OA?$AA?m?$AA?h?$AA?e?$AA?5?$AAE?$AAX?$AAE?$AA?9?$AA?t?$AA?$OA?$AA?i?$AA?k?$AA?$OA?$AA?4?$AA?4?$AA?4?$AA?$AA@ 0042b16c     languages.obj
 0002:00023198       ??_C@_1DC@BFAMDGCG@?$AA?G?$AA?$OA?$AA?c?$AA?p?$AA?s?$AA?g?$AA?j?$AA?$OA?$AA?5?$AA?j?$AA?n?$AA?m?$AA?t?$AA?h?$AA?c?$AA?s?$AA?p?$AA?$OA?$AA?v?$AA?h?$AA?h?$AA?4?$AA?4?$AA?4?$AA?$AA@ 0042b198     languages.obj
 0002:000231cc       ??_C@_1BO@BMFJANA@?$AA?Q?$AA?a?$AA?n?$AA?p?$AA?j?$AA?$OA?$AA?5?$AA?a?$AA?n?$AA?r?$AA?$OA?$AA?4?$AA?4?$AA?4?$AA?$AA@ 0042b1cc     languages.obj
 0002:000231f0       ??_C@_1FA@COBHLKED@?$AA?M?$AA?e?$AA?5?$AA?s?$AA?d?$AA?$OA?$AA?k?$AA?n?$AA?q?$AA?$PM?$AA?5?$AA?o?$AA?p?$AA?n?$AA?w?$AA?h?$AA?r?$AA?$OA?$AA?r?$AA?$PM?$AA?5?$AA?t?$AA?$OA?$AA?i?$AA?k?$AA?5?$AA?j?$AA?n?$AA?m?$AA?t?$AA?h?$AA?c@ 0042b1f0     languages.obj
 0002:00023240       ??_C@_1EO@KLAHEJDC@?$AA?M?$AA?e?$AA?5?$AA?s?$AA?d?$AA?$OA?$AA?k?$AA?n?$AA?q?$AA?$PM?$AA?5?$AA?g?$AA?$OA?$AA?o?$AA?s?$AA?q?$AA?r?$AA?h?$AA?r?$AA?$PM?$AA?5?$AA?b?$AA?m?$AA?e?$AA?x?$AA?m?$AA?h?$AA?i?$AA?5?$AA?p?$AA?e?$AA?d@ 0042b240     languages.obj
 0002:00023290       ??_C@_1CK@CJHOFJPP@?$AA?9?$AA?9?$AA?5?$AA?t?$AA?$OA?$AA?i?$AA?k?$AA?5?$AA?m?$AA?e?$AA?5?$AA?b?$AA?$PL?$AA?a?$AA?p?$AA?$OA?$AA?m?$AA?5?$AA?9?$AA?9?$AA?$AA@ 0042b290     languages.obj
 0002:000232bc       ??_C@_1BK@BEPLOIEJ@?$AA?Q?$AA?n?$AA?a?$AA?p?$AA?$OA?$AA?r?$AA?$PM?$AA?5?$AA?a?$AA?n?$AA?r?$AA?$OA?$AA?$AA@ 0042b2bc     languages.obj
 0002:000232d8       ??_C@_1DE@HOBDIDFF@?$AA?Q?$AA?n?$AA?a?$AA?p?$AA?$OA?$AA?r?$AA?$PM?$AA?5?$AA?j?$AA?n?$AA?m?$AA?t?$AA?h?$AA?c?$AA?s?$AA?p?$AA?$OA?$AA?v?$AA?h?$AA?$PO?$AA?5?$AA?a?$AA?n?$AA?r?$AA?$OA?$AA?$AA@ 0042b2d8     languages.obj
 0002:0002330c       ??_C@_1BC@BHMBBAGG@?$AA?D?$AA?e?$AA?i?$AA?q?$AA?r?$AA?b?$AA?h?$AA?$PP?$AA?$AA@ 0042b30c     languages.obj
 0002:00023320       ??_C@_1BE@DKDEGIGC@?$AA?O?$AA?p?$AA?$OA?$AA?b?$AA?j?$AA?$OA?$AA?4?$AA?4?$AA?4?$AA?$AA@ 0042b320     languages.obj
 0002:00023334       ??_C@_1BC@BEMHBPHD@?$AA?N?$AA?a?$AA?g?$AA?n?$AA?p?$AA?4?$AA?4?$AA?4?$AA?$AA@ 0042b334     languages.obj
 0002:00023348       ??_C@_1DI@KMFGBOGI@?$AA?H?$AA?q?$AA?u?$AA?n?$AA?d?$AA?m?$AA?$PL?$AA?i?$AA?5?$AA?t?$AA?$OA?$AA?i?$AA?k?$AA?5?$AA?j?$AA?n?$AA?m?$AA?t?$AA?h?$AA?c?$AA?s?$AA?p?$AA?$OA?$AA?v?$AA?h?$AA?h?$AA?3?$AA?$AA@ 0042b348     languages.obj
 0002:00023380       ??_C@_1BO@FPFFJBHF@?$AA?A?$AA?n?$AA?r?$AA?5?$AA?m?$AA?e?$AA?5?$AA?m?$AA?$OA?$AA?i?$AA?d?$AA?e?$AA?m?$AA?4?$AA?$AA@ 0042b380     languages.obj
 0002:000233a0       ??_C@_1GI@OAGLBKBM@?$AA?B?$AA?e?$AA?p?$AA?q?$AA?h?$AA?$PP?$AA?3?$AA?5?$AA?$CF?$AAu?$AA?4?$AA?$CF?$AAu?$AA?4?$AA?$CF?$AAu?$AA?4?$AA?$CF?$AAu?$AA?$AN?$AA?6?$AA?A?$AA?n?$AA?r?$AA?m?$AA?e?$AA?r?$AA?3?$AA?5?$AA?$CF?$AAs?$AA?$AN@ 0042b3a0     languages.obj
 0002:00023408       ??_C@_1JA@FMBBGIJ@?$AA?M?$AA?e?$AA?5?$AA?s?$AA?d?$AA?$OA?$AA?k?$AA?n?$AA?q?$AA?$PM?$AA?5?$AA?s?$AA?d?$AA?$OA?$AA?k?$AA?h?$AA?r?$AA?$PM?$AA?5?$AA?a?$AA?n?$AA?r?$AA?$OA?$AA?$CB?$AA?5?$AA?O?$AA?n?$AA?o?$AA?p?$AA?n?$AA?a?$AA?s@ 0042b408     languages.obj
 0002:00023498       ??_C@_1JG@MINJKAFL@?$AA?A?$AA?n?$AA?r?$AA?5?$AA?s?$AA?d?$AA?$OA?$AA?k?$AA?e?$AA?m?$AA?$CB?$AA?5?$AA?O?$AA?n?$AA?f?$AA?$OA?$AA?k?$AA?s?$AA?i?$AA?q?$AA?r?$AA?$OA?$AA?0?$AA?5?$AA?o?$AA?e?$AA?p?$AA?e?$AA?g?$AA?$OA?$AA?c?$AA?p@ 0042b498     languages.obj
 0002:00023530       ??_C@_1CC@PIHOFKIL@?$AA?S?$AA?d?$AA?$OA?$AA?k?$AA?e?$AA?m?$AA?h?$AA?e?$AA?5?$AA?a?$AA?n?$AA?r?$AA?$OA?$AA?4?$AA?4?$AA?4?$AA?$AA@ 0042b530     languages.obj
 0002:00023554       ??_C@_1BK@NIEKKJAG@?$AA?S?$AA?d?$AA?$OA?$AA?k?$AA?h?$AA?r?$AA?$PM?$AA?5?$AA?a?$AA?n?$AA?r?$AA?$OA?$AA?$AA@ 0042b554     languages.obj
 0002:00023570       ??_C@_1BC@LAMDHHML@?$AA?N?$AA?a?$AA?m?$AA?n?$AA?b?$AA?h?$AA?r?$AA?$PM?$AA?$AA@ 0042b570     languages.obj
 0002:00023584       ??_C@_1BI@HIJDDGEA@?$AA?H?$AA?m?$AA?t?$AA?n?$AA?p?$AA?l?$AA?$OA?$AA?v?$AA?h?$AA?$PP?$AA?3?$AA?$AA@ 0042b584     languages.obj
 0002:0002359c       ??_C@_1CC@PEHPBANF@?$AA?J?$AA?k?$AA?$PO?$AA?w?$AA?5?$AA?x?$AA?h?$AA?t?$AA?p?$AA?n?$AA?b?$AA?$OA?$AA?m?$AA?h?$AA?$PP?$AA?3?$AA?$AA@ 0042b59c     languages.obj
 0002:000235c0       ??_C@_1DK@GHJMOPMF@?$AA?H?$AA?m?$AA?t?$AA?n?$AA?p?$AA?l?$AA?$OA?$AA?v?$AA?h?$AA?$PP?$AA?5?$AA?n?$AA?5?$AA?g?$AA?$OA?$AA?o?$AA?s?$AA?y?$AA?e?$AA?m?$AA?m?$AA?n?$AA?l?$AA?5?$AA?a?$AA?n?$AA?r?$AA?e?$AA?$AA@ 0042b5c0     languages.obj
 0002:00023600       ??_C@_1HI@BGIKEBLJ@?$AA?B?$AA?e?$AA?p?$AA?q?$AA?h?$AA?$PP?$AA?3?$AA?5?$AA?$CF?$AAu?$AA?4?$AA?$CF?$AAu?$AA?4?$AA?$CF?$AAu?$AA?4?$AA?$CF?$AAu?$AA?$AN?$AA?6?$AA?B?$AA?p?$AA?e?$AA?l?$AA?$PP?$AA?5?$AA?q?$AA?a?$AA?n?$AA?p?$AA?j@ 0042b600     languages.obj
 0002:00023678       ??_C@_1BO@ECNICOBG@?$AA?R?$AA?e?$AA?j?$AA?s?$AA?y?$AA?$OA?$AA?$PP?$AA?5?$AA?b?$AA?e?$AA?p?$AA?q?$AA?h?$AA?$PP?$AA?$AA@ 0042b678     languages.obj
 0002:00023698       ??_C@_1M@CLIOIJJH@?$AA?N?$AA?o?$AA?v?$AA?h?$AA?h?$AA?$AA@ 0042b698     languages.obj
 0002:000236a4       ??_C@_1O@HDODFMOC@?$AA?Q?$AA?a?$AA?n?$AA?p?$AA?j?$AA?$OA?$AA?$AA@ 0042b6a4     languages.obj
 0002:000236b4       ??_C@_1CC@DCPMKIEE@?$AA?N?$AA?a?$AA?y?$AA?$OA?$AA?$PP?$AA?5?$AA?h?$AA?m?$AA?t?$AA?n?$AA?p?$AA?l?$AA?$OA?$AA?v?$AA?h?$AA?$PP?$AA?$AA@ 0042b6b4     languages.obj
 0002:000236d8       ??_C@_1BK@JJMJGMBG@?$AA?$AN?$AA?6?$AA?N?$AA?X?$AA?H?$AA?A?$AA?J?$AA?$MA?$AA?3?$AA?5?$AA?$CF?$AAs?$AA?$AA@ 0042b6d8     languages.obj
 0002:000236f4       ??_C@_1DG@BAMDKPBI@?$AA?M?$AA?e?$AA?5?$AA?s?$AA?d?$AA?$OA?$AA?k?$AA?n?$AA?q?$AA?$PM?$AA?5?$AA?q?$AA?n?$AA?u?$AA?p?$AA?$OA?$AA?m?$AA?h?$AA?r?$AA?$PM?$AA?5?$AA?t?$AA?$OA?$AA?i?$AA?k?$AA?4?$AA?$AA@ 0042b6f4     languages.obj
 0002:0002372c       ??_C@_1CK@IHNHACNB@?$AA?M?$AA?e?$AA?d?$AA?n?$AA?q?$AA?r?$AA?$OA?$AA?r?$AA?n?$AA?w?$AA?m?$AA?n?$AA?5?$AA?o?$AA?$OA?$AA?l?$AA?$PP?$AA?r?$AA?h?$AA?4?$AA?$AA@ 0042b72c     languages.obj
 0002:00023758       ??_C@_1DK@NMECGOAH@?$AAF?$AAa?$AAi?$AAl?$AAe?$AAd?$AA?5?$AAt?$AAo?$AA?5?$AAs?$AAa?$AAv?$AAe?$AA?5?$AAa?$AAl?$AAl?$AA?5?$AAs?$AAe?$AAt?$AAt?$AAi?$AAn?$AAg?$AAs?$AA?4?$AA?$AA@ 0042b758     languages.obj
 0002:00023798       ??_C@_1GO@HNMJPBEH@?$AAF?$AAo?$AAr?$AA?5?$AAa?$AAp?$AAp?$AAl?$AAy?$AA?5?$AAt?$AAh?$AAe?$AA?5?$AAl?$AAa?$AAn?$AAg?$AAu?$AAa?$AAg?$AAe?$AA?5?$AAy?$AAo?$AAu?$AA?5?$AAs?$AAh?$AAo?$AAu?$AAl@ 0042b798     languages.obj
 0002:00023808       ??_C@_1M@BMPEPGDA@?$AAA?$AAp?$AAp?$AAl?$AAy?$AA?$AA@ 0042b808     languages.obj
 0002:00023814       ??_C@_1BE@HBODGPNP@?$AAL?$AAa?$AAn?$AAg?$AAu?$AAa?$AAg?$AAe?$AA?3?$AA?$AA@ 0042b814     languages.obj
 0002:00023828       ??_C@_1DC@LJPMJGBD@?$AAB?$AAa?$AAd?$AA?5?$AAH?$AAT?$AAT?$AAP?$AA?9?$AAi?$AAn?$AAj?$AAe?$AAc?$AAt?$AA?5?$AAf?$AAo?$AAu?$AAn?$AAd?$AAe?$AAd?$AA?4?$AA?$AA@ 0042b828     languages.obj
 0002:00023860       ??_C@_1EK@MBHICPCL@?$AAF?$AAa?$AAi?$AAl?$AAe?$AAd?$AA?5?$AAt?$AAo?$AA?5?$AAo?$AAp?$AAe?$AAn?$AA?5?$AAf?$AAi?$AAl?$AAe?$AA?5?$AAo?$AAf?$AA?5?$AAH?$AAT?$AAT?$AAP?$AA?5?$AAi?$AAn?$AAj?$AAe@ 0042b860     languages.obj
 0002:000238ac       ??_C@_1DK@GECOIDFO@?$AAB?$AAu?$AAi?$AAl?$AAd?$AAi?$AAn?$AAg?$AA?5?$AAt?$AAh?$AAe?$AA?5?$AAH?$AAT?$AAT?$AAP?$AA?5?$AAi?$AAn?$AAj?$AAe?$AAc?$AAt?$AAs?$AA?4?$AA?4?$AA?4?$AA?$AA@ 0042b8ac     languages.obj
 0002:000238e8       ??_C@_1GE@OHNFLCJD@?$AAE?$AAr?$AAr?$AAo?$AAr?$AA?5?$AAf?$AAo?$AAu?$AAn?$AAd?$AAe?$AAd?$AA?5?$AAi?$AAn?$AA?5?$AA?$CC?$AAD?$AAy?$AAn?$AAa?$AAm?$AAi?$AAc?$AAC?$AAo?$AAn?$AAf?$AAi?$AAg?$AA?1@ 0042b8e8     languages.obj
 0002:00023950       ??_C@_1FG@HONEKAKG@?$AAE?$AAr?$AAr?$AAo?$AAr?$AA?5?$AAf?$AAo?$AAu?$AAn?$AAd?$AAe?$AAd?$AA?5?$AAi?$AAn?$AA?5?$AA?$CC?$AAD?$AAy?$AAn?$AAa?$AAm?$AAi?$AAc?$AAC?$AAo?$AAn?$AAf?$AAi?$AAg?$AA?1@ 0042b950     languages.obj
 0002:000239a8       ??_C@_1GC@GNHFOCAM@?$AAE?$AAr?$AAr?$AAo?$AAr?$AA?5?$AAf?$AAo?$AAu?$AAn?$AAd?$AAe?$AAd?$AA?5?$AAi?$AAn?$AA?5?$AA?$CC?$AAD?$AAy?$AAn?$AAa?$AAm?$AAi?$AAc?$AAC?$AAo?$AAn?$AAf?$AAi?$AAg?$AA?1@ 0042b9a8     languages.obj
 0002:00023a10       ??_C@_1FK@GMBPJIIJ@?$AAE?$AAr?$AAr?$AAo?$AAr?$AA?5?$AAf?$AAo?$AAu?$AAn?$AAd?$AAe?$AAd?$AA?5?$AAi?$AAn?$AA?5?$AA?$CC?$AAD?$AAy?$AAn?$AAa?$AAm?$AAi?$AAc?$AAC?$AAo?$AAn?$AAf?$AAi?$AAg?$AA?1@ 0042ba10     languages.obj
 0002:00023a70       ??_C@_1GE@COFCPHNN@?$AAE?$AAr?$AAr?$AAo?$AAr?$AA?5?$AAf?$AAo?$AAu?$AAn?$AAd?$AAe?$AAd?$AA?5?$AAi?$AAn?$AA?5?$AA?$CC?$AAD?$AAy?$AAn?$AAa?$AAm?$AAi?$AAc?$AAC?$AAo?$AAn?$AAf?$AAi?$AAg?$AA?1@ 0042ba70     languages.obj
 0002:00023ad8       ??_C@_1FG@IGFOGCPI@?$AAF?$AAa?$AAi?$AAl?$AAe?$AAd?$AA?5?$AAt?$AAo?$AA?5?$AAf?$AAi?$AAn?$AAd?$AA?5?$AA?$CC?$AAD?$AAy?$AAn?$AAa?$AAm?$AAi?$AAc?$AAC?$AAo?$AAn?$AAf?$AAi?$AAg?$AA?1?$AAu?$AAr@ 0042bad8     languages.obj
 0002:00023b30       ??_C@_1FG@FAMBEKHA@?$AAF?$AAa?$AAi?$AAl?$AAe?$AAd?$AA?5?$AAt?$AAo?$AA?5?$AAf?$AAi?$AAn?$AAd?$AA?5?$AA?$CC?$AAD?$AAy?$AAn?$AAa?$AAm?$AAi?$AAc?$AAC?$AAo?$AAn?$AAf?$AAi?$AAg?$AA?1?$AAu?$AAr@ 0042bb30     languages.obj
 0002:00023b88       ??_C@_1EA@HDCAMPOA@?$AAF?$AAa?$AAi?$AAl?$AAe?$AAd?$AA?5?$AAt?$AAo?$AA?5?$AAf?$AAi?$AAn?$AAd?$AA?5?$AA?$CC?$AAD?$AAy?$AAn?$AAa?$AAm?$AAi?$AAc?$AAC?$AAo?$AAn?$AAf?$AAi?$AAg?$AA?$CC?$AA?4?$AA?$AA@ 0042bb88     languages.obj
 0002:00023bc8       ??_C@_1EE@FAEDBBEC@?$AAS?$AAo?$AAu?$AAr?$AAc?$AAe?$AA?5?$AAe?$AAx?$AAe?$AAc?$AAu?$AAt?$AAa?$AAb?$AAl?$AAe?$AA?5?$AAf?$AAi?$AAl?$AAe?$AA?5?$AAc?$AAo?$AAr?$AAr?$AAu?$AAp?$AAt?$AAe?$AAd@ 0042bbc8     languages.obj
 0002:00023c10       ??_C@_1FM@GJHGPNIP@?$AAF?$AAa?$AAi?$AAl?$AAe?$AAd?$AA?5?$AAt?$AAo?$AA?5?$AAf?$AAi?$AAn?$AAd?$AA?5?$AA?$CC?$AAS?$AAt?$AAa?$AAt?$AAi?$AAc?$AAC?$AAo?$AAn?$AAf?$AAi?$AAg?$AA?1?$AAe?$AAn?$AAc@ 0042bc10     languages.obj
 0002:00023c70       ??_C@_1LG@OFMKJMPO@?$AAM?$AAa?$AAx?$AAi?$AAm?$AAu?$AAm?$AA?5?$AAl?$AAe?$AAn?$AAg?$AAt?$AAh?$AA?5?$AAo?$AAf?$AA?5?$AAv?$AAa?$AAl?$AAu?$AAe?$AA?5?$AA?$CC?$AAS?$AAt?$AAa?$AAt?$AAi?$AAc?$AAC@ 0042bc70     languages.obj
 0002:00023d28       ??_C@_1FE@DCFMLKNB@?$AAF?$AAa?$AAi?$AAl?$AAe?$AAd?$AA?5?$AAt?$AAo?$AA?5?$AAf?$AAi?$AAn?$AAd?$AA?5?$AA?$CC?$AAS?$AAt?$AAa?$AAt?$AAi?$AAc?$AAC?$AAo?$AAn?$AAf?$AAi?$AAg?$AA?1?$AAu?$AAr?$AAl@ 0042bd28     languages.obj
 0002:00023d80       ??_C@_1KO@MPFOMKGK@?$AAM?$AAa?$AAx?$AAi?$AAm?$AAu?$AAm?$AA?5?$AAl?$AAe?$AAn?$AAg?$AAt?$AAh?$AA?5?$AAo?$AAf?$AA?5?$AAv?$AAa?$AAl?$AAu?$AAe?$AA?5?$AA?$CC?$AAS?$AAt?$AAa?$AAt?$AAi?$AAc?$AAC@ 0042bd80     languages.obj
 0002:00023e30       ??_C@_1DO@DCGDINPI@?$AAF?$AAa?$AAi?$AAl?$AAe?$AAd?$AA?5?$AAt?$AAo?$AA?5?$AAf?$AAi?$AAn?$AAd?$AA?5?$AA?$CC?$AAS?$AAt?$AAa?$AAt?$AAi?$AAc?$AAC?$AAo?$AAn?$AAf?$AAi?$AAg?$AA?$CC?$AA?4?$AA?$AA@ 0042be30     languages.obj
 0002:00023e70       ??_C@_1EG@GDIGHAOD@?$AAB?$AAu?$AAi?$AAl?$AAd?$AAi?$AAn?$AAg?$AA?5?$AAc?$AAo?$AAn?$AAf?$AAi?$AAg?$AAu?$AAr?$AAa?$AAt?$AAi?$AAo?$AAn?$AA?5?$AAo?$AAf?$AA?5?$AAb?$AAo?$AAt?$AA?4?$AA?4?$AA?4@ 0042be70     languages.obj
 0002:00023eb8       ??_C@_1CG@DOOOJDOO@?$AA?$AN?$AA?6?$AAB?$AAU?$AAI?$AAL?$AAD?$AA?5?$AAS?$AAU?$AAC?$AAC?$AAE?$AAE?$AAD?$AAE?$AAD?$AA?$CB?$AA?$AA@ 0042beb8     languages.obj
 0002:00023ee0       ??_C@_1EC@NEIPOHFK@?$AAS?$AAi?$AAz?$AAe?$AA?5?$AAo?$AAf?$AA?5?$AAo?$AAu?$AAt?$AAp?$AAu?$AAt?$AA?5?$AAf?$AAi?$AAl?$AAe?$AA?5?$AAi?$AAs?$AA?5?$AA?$CF?$AAu?$AA?5?$AAb?$AAy?$AAt?$AAe?$AAs?$AA?4@ 0042bee0     languages.obj
 0002:00023f24       ??_C@_1DI@CNHKJIOO@?$AAC?$AAr?$AAe?$AAa?$AAt?$AAi?$AAn?$AAg?$AA?5?$AAe?$AAx?$AAe?$AAc?$AAu?$AAt?$AAa?$AAb?$AAl?$AAe?$AA?5?$AAf?$AAi?$AAl?$AAe?$AA?4?$AA?4?$AA?4?$AA?$AA@ 0042bf24     languages.obj
 0002:00023f5c       ??_C@_1DC@LLILFDHG@?$AAL?$AAo?$AAa?$AAd?$AAi?$AAn?$AAg?$AA?5?$AAc?$AAo?$AAn?$AAf?$AAi?$AAg?$AAu?$AAr?$AAa?$AAt?$AAi?$AAo?$AAn?$AA?4?$AA?4?$AA?4?$AA?$AA@ 0042bf5c     languages.obj
 0002:00023f90       ??_C@_1CI@FEOEBJAA@?$AAB?$AAu?$AAi?$AAl?$AAd?$AAi?$AAn?$AAg?$AA?5?$AAt?$AAh?$AAe?$AA?5?$AAb?$AAo?$AAt?$AA?4?$AA?4?$AA?4?$AA?$AA@ 0042bf90     languages.obj
 0002:00023fb8       ??_C@_1EG@NGODBHOL@?$AAF?$AAa?$AAi?$AAl?$AAe?$AAd?$AA?5?$AAt?$AAo?$AA?5?$AAr?$AAe?$AAa?$AAd?$AA?5?$AAc?$AAo?$AAn?$AAf?$AAi?$AAg?$AAu?$AAr?$AAa?$AAt?$AAi?$AAo?$AAn?$AA?5?$AAf?$AAi?$AAl@ 0042bfb8     languages.obj
 0002:00024000       ??_C@_1EG@KOOMKPGE@?$AAF?$AAa?$AAi?$AAl?$AAe?$AAd?$AA?5?$AAt?$AAo?$AA?5?$AAe?$AAx?$AAe?$AAc?$AAu?$AAt?$AAe?$AA?5?$AAe?$AAx?$AAt?$AAe?$AAr?$AAn?$AAa?$AAl?$AA?5?$AAe?$AAd?$AAi?$AAt?$AAo@ 0042c000     languages.obj
 0002:00024048       ??_C@_1DA@PNIOGHON@?$AA?9?$AA?9?$AA?5?$AAf?$AAi?$AAl?$AAe?$AA?5?$AAn?$AAo?$AAt?$AA?5?$AAs?$AAe?$AAl?$AAe?$AAc?$AAt?$AAe?$AAd?$AA?5?$AA?9?$AA?9?$AA?$AA@ 0042c048     languages.obj
 0002:00024078       ??_C@_1DC@PGPFKBLC@?$AAB?$AAu?$AAi?$AAl?$AAd?$AA?5?$AAt?$AAh?$AAe?$AA?5?$AAb?$AAo?$AAt?$AA?5?$AAe?$AAx?$AAe?$AAc?$AAu?$AAt?$AAa?$AAb?$AAl?$AAe?$AA?$AA@ 0042c078     languages.obj
 0002:000240ac       ??_C@_1DI@LEEOJFDP@?$AAB?$AAu?$AAi?$AAl?$AAd?$AA?5?$AAt?$AAh?$AAe?$AA?5?$AAb?$AAo?$AAt?$AA?5?$AAc?$AAo?$AAn?$AAf?$AAi?$AAg?$AAu?$AAr?$AAa?$AAt?$AAi?$AAo?$AAn?$AA?$AA@ 0042c0ac     languages.obj
 0002:000240e4       ??_C@_1BA@CLOPDPEN@?$AAA?$AAc?$AAt?$AAi?$AAo?$AAn?$AAs?$AA?$AA@ 0042c0e4     languages.obj
 0002:000240f4       ??_C@_1BA@JPMCACA@?$AAE?$AAd?$AAi?$AAt?$AA?4?$AA?4?$AA?4?$AA?$AA@ 0042c0f4     languages.obj
 0002:00024104       ??_C@_1BE@OAEOOAE@?$AAB?$AAr?$AAo?$AAw?$AAs?$AAe?$AA?4?$AA?4?$AA?4?$AA?$AA@ 0042c104     languages.obj
 0002:00024118       ??_C@_1DG@BJCCJNKE@?$AAS?$AAo?$AAu?$AAr?$AAc?$AAe?$AA?5?$AAc?$AAo?$AAn?$AAf?$AAi?$AAg?$AAu?$AAa?$AAr?$AAt?$AAi?$AAo?$AAn?$AA?5?$AAf?$AAi?$AAl?$AAe?$AA?3?$AA?$AA@ 0042c118     languages.obj
 0002:00024150       ??_C@_1CC@OOGNPJFI@?$AAB?$AAo?$AAt?$AA?5?$AAn?$AAo?$AAt?$AA?5?$AAf?$AAo?$AAu?$AAn?$AAd?$AAe?$AAd?$AA?4?$AA?$AA@ 0042c150     languages.obj
 0002:00024178       ??_C@_1GO@BMJKGBHA@?$AAV?$AAe?$AAr?$AAs?$AAi?$AAo?$AAn?$AA?3?$AA?5?$AA?$CF?$AAu?$AA?4?$AA?$CF?$AAu?$AA?4?$AA?$CF?$AAu?$AA?4?$AA?$CF?$AAu?$AA?$AN?$AA?6?$AAB?$AAo?$AAt?$AAn?$AAe?$AAt?$AA?3?$AA?5?$AA?$CF?$AAs@ 0042c178     languages.obj
 0002:000241e8       ??_C@_1BM@GCBECJNC@?$AA?9?$AA?9?$AA?5?$AAd?$AAe?$AAf?$AAa?$AAu?$AAl?$AAt?$AA?5?$AA?9?$AA?9?$AA?$AA@ 0042c1e8     languages.obj
 0002:00024208       ??_C@_1GK@NKBILMGE@?$AAF?$AAa?$AAi?$AAl?$AAe?$AAd?$AA?5?$AAt?$AAo?$AA?5?$AAr?$AAe?$AAm?$AAo?$AAv?$AAe?$AA?5?$AAb?$AAo?$AAt?$AA?$CB?$AA?5?$AAT?$AAr?$AAy?$AA?5?$AAa?$AAg?$AAa?$AAi?$AAn?$AA?5@ 0042c208     languages.obj
 0002:00024278       ??_C@_1HA@NGMPPLFI@?$AAB?$AAo?$AAt?$AA?5?$AAr?$AAe?$AAm?$AAo?$AAv?$AAe?$AAd?$AA?$CB?$AA?5?$AAP?$AAl?$AAe?$AAa?$AAs?$AAe?$AA?5?$AAr?$AAe?$AAs?$AAt?$AAa?$AAr?$AAt?$AA?5?$AAc?$AAo?$AAm?$AAp@ 0042c278     languages.obj
 0002:000242e8       ??_C@_1CA@JALOJOGD@?$AAR?$AAe?$AAm?$AAo?$AAv?$AAi?$AAn?$AAg?$AA?5?$AAb?$AAo?$AAt?$AA?4?$AA?4?$AA?4?$AA?$AA@ 0042c2e8     languages.obj
 0002:00024308       ??_C@_1BG@NPEKOOKE@?$AAR?$AAe?$AAm?$AAo?$AAv?$AAe?$AA?5?$AAb?$AAo?$AAt?$AA?$AA@ 0042c308     languages.obj
 0002:00024320       ??_C@_1BA@IKDPCKPI@?$AAR?$AAe?$AAf?$AAr?$AAe?$AAs?$AAh?$AA?$AA@ 0042c320     languages.obj
 0002:00024330       ??_C@_1BK@LMAEKDNP@?$AAI?$AAn?$AAf?$AAo?$AAr?$AAm?$AAa?$AAt?$AAi?$AAo?$AAn?$AA?3?$AA?$AA@ 0042c330     languages.obj
 0002:0002434c       ??_C@_1CA@JNAHLHMC@?$AAE?$AAn?$AAc?$AAr?$AAy?$AAp?$AAt?$AAi?$AAo?$AAn?$AA?5?$AAk?$AAe?$AAy?$AA?3?$AA?$AA@ 0042c34c     languages.obj
 0002:0002436c       ??_C@_1DK@BPPNIALJ@?$AAI?$AAn?$AAf?$AAo?$AAr?$AAm?$AAa?$AAt?$AAi?$AAo?$AAn?$AA?5?$AAa?$AAb?$AAo?$AAu?$AAt?$AA?5?$AAa?$AAc?$AAt?$AAi?$AAv?$AAe?$AA?5?$AAb?$AAo?$AAt?$AA?$AA@ 0042c36c     languages.obj
 0002:000243a8       ??_C@_1GI@NPNDIFGN@?$AAV?$AAe?$AAr?$AAs?$AAi?$AAo?$AAn?$AA?3?$AA?5?$AA?$CF?$AAu?$AA?4?$AA?$CF?$AAu?$AA?4?$AA?$CF?$AAu?$AA?4?$AA?$CF?$AAu?$AA?$AN?$AA?6?$AAB?$AAu?$AAi?$AAl?$AAd?$AA?5?$AAt?$AAi?$AAm?$AAe@ 0042c3a8     languages.obj
 0002:00024410       ??_C@_1CA@HACAGKKF@?$AAC?$AAu?$AAr?$AAr?$AAe?$AAn?$AAt?$AA?5?$AAv?$AAe?$AAr?$AAs?$AAi?$AAo?$AAn?$AA?$AA@ 0042c410     languages.obj
 0002:00024430       ??_C@_1BC@PFDDLKEP@?$AAS?$AAe?$AAt?$AAt?$AAi?$AAn?$AAg?$AAs?$AA?$AA@ 0042c430     languages.obj
 0002:00024444       ??_C@_1BA@GHNIFAMD@?$AAB?$AAu?$AAi?$AAl?$AAd?$AAe?$AAr?$AA?$AA@ 0042c444     languages.obj
 0002:00024454       ??_C@_1BI@NIHBLACF@?$AAI?$AAn?$AAf?$AAo?$AAr?$AAm?$AAa?$AAt?$AAi?$AAo?$AAn?$AA?$AA@ 0042c454     languages.obj
 0002:0002446c       ??_C@_1BK@LNDDPCNH@?$AAZ?$AAe?$AAu?$AAS?$AA?5?$AAB?$AAu?$AAi?$AAl?$AAd?$AAe?$AAr?$AA?$AA@ 0042c46c     languages.obj
 0002:00024488       ??_C@_1BI@FOFDKLKI@?$AA?$AN?$AA?6?$AAE?$AAR?$AAR?$AAO?$AAR?$AA?3?$AA?5?$AA?$CF?$AAs?$AA?$AA@ 0042c488     languages.obj
 0002:000244a0       ??_C@_1DK@DEGOPOBH@?$AAF?$AAa?$AAi?$AAl?$AAe?$AAd?$AA?5?$AAt?$AAo?$AA?5?$AAw?$AAr?$AAi?$AAt?$AAe?$AA?5?$AAo?$AAu?$AAt?$AAp?$AAu?$AAt?$AA?5?$AAf?$AAi?$AAl?$AAe?$AA?4?$AA?$AA@ 0042c4a0     languages.obj
 0002:000244dc       ??_C@_1CE@DJJMJBFJ@?$AAN?$AAo?$AAt?$AA?5?$AAe?$AAn?$AAo?$AAu?$AAg?$AAh?$AA?5?$AAm?$AAe?$AAm?$AAo?$AAr?$AAy?$AA?$AA@ 0042c4dc     languages.obj
 0002:00024500       ??_C@_1CE@KLLOAJBA@?$AA?P?$AA?s?$AA?q?$AA?q?$AA?j?$AA?h?$AA?i?$AA?5?$AA?$CI?$AAR?$AAu?$AAs?$AAs?$AAi?$AAa?$AAn?$AA?$CJ?$AA?$AA@ 0042c500     languages.obj
 0002:00024524       ??_C@_1BA@CLLEDPIF@?$AAE?$AAn?$AAg?$AAl?$AAi?$AAs?$AAh?$AA?$AA@ 0042c524     languages.obj
 0002:00024534       ??_C@_1BC@PKFLBEPK@?$AAl?$AAa?$AAn?$AAg?$AAu?$AAa?$AAg?$AAe?$AA?$AA@ 0042c534     languages.obj
 0002:00024548       ??_C@_1BC@KIHFACHP@?$AAs?$AAe?$AAt?$AAt?$AAi?$AAn?$AAg?$AAs?$AA?$AA@ 0042c548     languages.obj
 0002:0002455c       ??_C@_1BK@BDLHIEGA@?$AAs?$AAe?$AAt?$AAt?$AAi?$AAn?$AAg?$AAs?$AA?4?$AAi?$AAn?$AAi?$AA?$AA@ 0042c55c     main.obj
 0002:00024578       ??_C@_13IMODFHAA@?$AA?9?$AA?$AA@ 0042c578     info.obj
 0002:0002457c       ??_C@_0BD@OANPDNAB@warrior?5buy?5source?$AA@ 0042c57c     info.obj
 0002:00024590       ??_C@_1DA@JPCEGPND@?$AA1?$AA5?$AA?3?$AA0?$AA6?$AA?3?$AA5?$AA4?$AA?5?$AA1?$AA4?$AA?4?$AA0?$AA4?$AA?4?$AA2?$AA0?$AA1?$AA1?$AA?5?$AAG?$AAM?$AAT?$AA?$AA@ 0042c590     info.obj
 0002:000245c0       ??_C@_07IJKAAKFB@set_url?$AA@ 0042c5c0     buildconfig.obj
 0002:000245c8       ??_C@_0O@BANOKHIN@data_before?$AN?6?$AA@ 0042c5c8     buildconfig.obj
 0002:000245d8       ??_C@_0O@BMPPOCNM@data_inject?$AN?6?$AA@ 0042c5d8     buildconfig.obj
 0002:000245e8       ??_C@_0N@FGEEJEJE@data_after?$AN?6?$AA@ 0042c5e8     buildconfig.obj
 0002:000245f8       ??_C@_0L@BGILCDAN@data_end?$AN?6?$AA@ 0042c5f8     buildconfig.obj
 0002:00024604       ??_C@_1M@IEMJKJMB@?$AA?$CF?$AAu?$AA?$DN?$AA?$CF?$AAS?$AA?$AA@ 0042c604     buildconfig.obj
 0002:00024610       ??_C@_1BE@EKDGJGJ@?$AA?$CF?$AAS?$AA?$FL?$AA?$CF?$AAu?$AA?$FN?$AA?$DN?$AA?$CF?$AAS?$AA?$AA@ 0042c610     buildconfig.obj
 0002:00024624       ??_C@_0N@GKMGIMK@staticconfig?$AA@ 0042c624     buildconfig.obj
 0002:00024634       ??_C@_0P@NNNDAFMP@encryption_key?$AA@ 0042c634     buildconfig.obj
 0002:00024644       ??_C@_0O@EKNJJOCE@dynamicconfig?$AA@ 0042c644     buildconfig.obj
 0002:00024654       ??_C@_0L@CJFHMBNF@url_loader?$AA@ 0042c654     buildconfig.obj
 0002:00024660       ??_C@_1BM@CNMFCFBA@?$AAu?$AAr?$AAl?$AA_?$AAl?$AAo?$AAa?$AAd?$AAe?$AAr?$AA?$DN?$AA?$CF?$AAS?$AA?$AA@ 0042c660     buildconfig.obj
 0002:0002467c       ??_C@_0L@MEAKHMNC@url_server?$AA@ 0042c67c     buildconfig.obj
 0002:00024688       ??_C@_1BM@OLCKEJDG@?$AAu?$AAr?$AAl?$AA_?$AAs?$AAe?$AAr?$AAv?$AAe?$AAr?$AA?$DN?$AA?$CF?$AAS?$AA?$AA@ 0042c688     buildconfig.obj
 0002:000246a4       ??_C@_0BA@LLEBBLCN@advancedconfigs?$AA@ 0042c6a4     buildconfig.obj
 0002:000246b4       ??_C@_0L@CCGLNHGL@webfilters?$AA@ 0042c6b4     buildconfig.obj
 0002:000246c0       ??_C@_0P@PJEFLBGL@webdatafilters?$AA@ 0042c6c0     buildconfig.obj
 0002:000246d0       ??_C@_08NFMAFHBI@webfakes?$AA@ 0042c6d0     buildconfig.obj
 0002:000246dc       ??_C@_1CK@KAKEICLA@?$AAw?$AAe?$AAb?$AAf?$AAa?$AAk?$AAe?$AA?$FL?$AA?$CF?$AAu?$AA?$FN?$AA?$DN?$AA?$CF?$AAS?$AA?5?$AA?9?$AA?$DO?$AA?5?$AA?$CF?$AAS?$AA?$AA@ 0042c6dc     buildconfig.obj
 0002:00024708       ??_C@_0BA@LGGIHLGK@file_webinjects?$AA@ 0042c708     buildconfig.obj
 0002:00024718       ??_C@_1CG@FHNAFLLG@?$AAf?$AAi?$AAl?$AAe?$AA_?$AAw?$AAe?$AAb?$AAi?$AAn?$AAj?$AAe?$AAc?$AAt?$AAs?$AA?$DN?$AA?$CF?$AAS?$AA?$AA@ 0042c718     buildconfig.obj
 0002:00024740       ??_C@_0L@MJOJPBBG@url_config?$AA@ 0042c740     buildconfig.obj
 0002:0002474c       ??_C@_1BG@KCMLFDDE@?$AAc?$AAo?$AAn?$AAf?$AAi?$AAg?$AA?4?$AAb?$AAi?$AAn?$AA?$AA@ 0042c74c     buildconfig.obj
 0002:00024764       ??_C@_06FFPMLDME@botnet?$AA@ 0042c764     buildbot.obj
 0002:0002476c       ??_C@_1BE@DHDFEIEN@?$AAb?$AAo?$AAt?$AAn?$AAe?$AAt?$AA?$DN?$AA?$CF?$AAs?$AA?$AA@ 0042c76c     buildbot.obj
 0002:00024780       ??_C@_0N@NHOJGAAP@timer_config?$AA@ 0042c780     buildbot.obj
 0002:00024790       ??_C@_1DE@KDLIHMOG@?$AAt?$AAi?$AAm?$AAe?$AAr?$AA_?$AAc?$AAo?$AAn?$AAf?$AAi?$AAg?$AA?$DN?$AA?$CF?$AAu?$AAm?$AAi?$AAn?$AA?0?$AA?5?$AA?$CF?$AAu?$AAm?$AAi?$AAn?$AA?$AA@ 0042c790     buildbot.obj
 0002:000247c4       ??_C@_0L@DCHEHJFN@timer_logs?$AA@ 0042c7c4     buildbot.obj
 0002:000247d0       ??_C@_1DA@MPHILDOK@?$AAt?$AAi?$AAm?$AAe?$AAr?$AA_?$AAl?$AAo?$AAg?$AAs?$AA?$DN?$AA?$CF?$AAu?$AAm?$AAi?$AAn?$AA?0?$AA?5?$AA?$CF?$AAu?$AAm?$AAi?$AAn?$AA?$AA@ 0042c7d0     buildbot.obj
 0002:00024800       ??_C@_0M@NEGOCMIB@timer_stats?$AA@ 0042c800     buildbot.obj
 0002:0002480c       ??_C@_1DC@GDIJMMHN@?$AAt?$AAi?$AAm?$AAe?$AAr?$AA_?$AAs?$AAt?$AAa?$AAt?$AAs?$AA?$DN?$AA?$CF?$AAu?$AAm?$AAi?$AAn?$AA?0?$AA?5?$AA?$CF?$AAu?$AAm?$AAi?$AAn?$AA?$AA@ 0042c80c     buildbot.obj
 0002:00024840       ??_C@_1BM@FKGBFOLF@?$AAu?$AAr?$AAl?$AA_?$AAc?$AAo?$AAn?$AAf?$AAi?$AAg?$AA?$DN?$AA?$CF?$AAs?$AA?$AA@ 0042c840     buildbot.obj
 0002:0002485c       ??_C@_0N@KGDPGFNB@remove_certs?$AA@ 0042c85c     buildbot.obj
 0002:0002486c       ??_C@_1CA@PCCHOKHM@?$AAr?$AAe?$AAm?$AAo?$AAv?$AAe?$AA_?$AAc?$AAe?$AAr?$AAt?$AAs?$AA?$DN?$AA?$CF?$AAu?$AA?$AA@ 0042c86c     buildbot.obj
 0002:0002488c       ??_C@_0BC@OEAEHMBA@disable_tcpserver?$AA@ 0042c88c     buildbot.obj
 0002:000248a0       ??_C@_1CK@IKJOGNJM@?$AAd?$AAi?$AAs?$AAa?$AAb?$AAl?$AAe?$AA_?$AAt?$AAc?$AAp?$AAs?$AAe?$AAr?$AAv?$AAe?$AAr?$AA?$DN?$AA?$CF?$AAu?$AA?$AA@ 0042c8a0     buildbot.obj
 0002:000248cc       ??_C@_1CE@CNALMPGA@?$AAe?$AAn?$AAc?$AAr?$AAy?$AAp?$AAt?$AAi?$AAo?$AAn?$AA_?$AAk?$AAe?$AAy?$AA?$DN?$AAO?$AAK?$AA?$AA@ 0042c8cc     buildbot.obj
 0002:000248f0       ??_C@_1BA@HCLGIIDL@?$AAb?$AAo?$AAt?$AA?4?$AAe?$AAx?$AAe?$AA?$AA@ 0042c8f0     buildbot.obj
 0002:00024900       __IMPORT_DESCRIPTOR_KERNEL32 0042c900     kernel32:KERNEL32.dll
 0002:00024914       __IMPORT_DESCRIPTOR_USER32 0042c914     user32:USER32.dll
 0002:00024928       __IMPORT_DESCRIPTOR_ADVAPI32 0042c928     advapi32:ADVAPI32.dll
 0002:0002493c       __IMPORT_DESCRIPTOR_SHLWAPI 0042c93c     shlwapi:SHLWAPI.dll
 0002:00024950       __IMPORT_DESCRIPTOR_SHELL32 0042c950     shell32:SHELL32.dll
 0002:00024964       __IMPORT_DESCRIPTOR_COMCTL32 0042c964     comctl32:COMCTL32.dll
 0002:00024978       __IMPORT_DESCRIPTOR_COMDLG32 0042c978     comdlg32:COMDLG32.dll
 0002:0002498c       __IMPORT_DESCRIPTOR_ole32  0042c98c     ole32:ole32.dll
 0002:000249a0       __NULL_IMPORT_DESCRIPTOR   0042c9a0     kernel32:KERNEL32.dll
 0003:00000e2c       ?currentModule@@3PAUHINSTANCE__@@A 0042ee2c     main.obj
 0003:00000e30       ?homePath@@3PA_WA          0042ee30     main.obj
 0003:00001040       ?settingsFile@@3PA_WA      0042f040     main.obj

 entry point at        0000:00000000

 Static symbols

 0001:000000d7       ?loadConfig@@YI_NPAUHWND__@@PA_WPAUCFGDATA@Config0@@_N@Z 004010d7 f    CIL library: CIL module
 0001:00000186       ?enableButtons@@YIXPAUHWND__@@_N@Z 00401186 f    CIL library: CIL module
 0001:000001cc       ?buildThread@@YGKPAX@Z     004011cc f    CIL library: CIL module
 0001:0000070c       ?unicodeToX@@YIHKQA_WHPADH@Z 0040170c f    CIL library: CIL module
 0001:00000742       ?unicodeToXEx@@YIPADKQA_WH@Z 00401742 f    CIL library: CIL module
 0001:00000794       ?xToUnicode@@YIHKQADHPA_WH@Z 00401794 f    CIL library: CIL module
 0001:000007c9       ?xToUnicodeEx@@YIPA_WKPADH@Z 004017c9 f    CIL library: CIL module
 0001:00000825       ?vsprintfHelperExW@@YIKPAPA_WKQA_WPAD@Z 00401825 f    CIL library: CIL module
 0001:00000b66       ?swd_insertdict@@YIXPAUucl_swd_t@@KK@Z 00401b66 f    CIL library: CIL module
 0001:00000bfd       ?swd_init@@YIHPAUucl_swd_t@@PAEK@Z 00401bfd f    CIL library: CIL module
 0001:00000d9c       ?swd_exit@@YIXPAUucl_swd_t@@@Z 00401d9c f    CIL library: CIL module
 0001:00000de3       ?swd_search@@YIXPAUucl_swd_t@@KK@Z 00401de3 f    CIL library: CIL module
 0001:00000e88       ?swd_remove_node@@YIXPAUucl_swd_t@@K@Z 00401e88 f    CIL library: CIL module
 0001:00000ed7       ?swd_findbest@@YIXPAUucl_swd_t@@@Z 00401ed7 f    CIL library: CIL module
 0001:00000feb       ?swd_getbyte@@YIXPAUucl_swd_t@@@Z 00401feb f    CIL library: CIL module
 0001:00001057       ?swd_accept@@YIXPAUucl_swd_t@@K@Z 00402057 f    CIL library: CIL module
 0001:000010dc       ?find_match@@YIXPAUUCL_COMPRESS_DATA@@PAUucl_swd_t@@KK@Z 004020dc f    CIL library: CIL module
 0001:0000116c       ?len_of_coded_match@@YIHPAUUCL_COMPRESS_DATA@@KK@Z 0040216c f    CIL library: CIL module
 0001:000011bd       ?bbPutBit@@YIXPAUUCL_COMPRESS_DATA@@I@Z 004021bd f    CIL library: CIL module
 0001:0000121a       ?bbPutByte@@YI_NPAUUCL_COMPRESS_DATA@@I@Z 0040221a f    CIL library: CIL module
 0001:00001234       ?code_run@@YI_NPAUUCL_COMPRESS_DATA@@PAEK@Z 00402234 f    CIL library: CIL module
 0001:0000126e       ?code_prefix_ss11@@YIXPAUUCL_COMPRESS_DATA@@K@Z 0040226e f    CIL library: CIL module
 0001:000012b9       ?code_match@@YI_NPAUUCL_COMPRESS_DATA@@KK@Z 004022b9 f    CIL library: CIL module
 0001:00001346       ?bbFlushBits@@YIXPAUUCL_COMPRESS_DATA@@K@Z 00402346 f    CIL library: CIL module
 0001:00002dce       ?loadTool@@YIXPAUHWND__@@E@Z 00403dce f    CIL library: CIL module
 0001:00002e4a       ?mainDialogProc@@YGHPAUHWND__@@IIJ@Z 00403e4a f    CIL library: CIL module
 0001:00003084       ?getBotStatus@@YI_NPAUHWND__@@PAPAUVER1@BotStatus@@@Z 00404084 f    CIL library: CIL module
 0001:0000319f       ?refreshBotStatus@@YIXPAUHWND__@@@Z 0040419f f    CIL library: CIL module
 0001:0000326e       ?removeBot@@YGKPAX@Z       0040426e f    CIL library: CIL module
 0001:0000357c       ?searchNextInject_Tool_alloc_for_next@@YI_NPAUSNIDATA@@@Z 0040457c f    CIL library: CIL module
 0001:000035bd       ?freeWebInject@@YIXPAUSNIDATA@@@Z 004045bd f    CIL library: CIL module
 0001:000035e9       ?searchNextWebInject@@YI_NPAE0PAUSNIDATA@@K@Z 004045e9 f    CIL library: CIL module
 0001:00003a8f       ?buildWebInject@@YIKPAUHWND__@@PA_WPAPAUSTORAGE@BinStorage@@PAPAEPAK4@Z 00404a8f f    CIL library: CIL module
 0001:00003e97       ?childToMultiString@@YI_NPAUHWND__@@PAPAUSTORAGE@BinStorage@@PAU_VAR@Config0@@PADKE@Z 00404e97 f    CIL library: CIL module
 0001:000044e5       ?generateSecretHash@@YIXPAUBASECONFIG@@@Z 004054e5 f    CIL library: CIL module
